172.18.0.3 - - [27/Oct/2023:15:04:32 +0000] "POST /api/v4/jobs/request HTTP/1.1" 204 0 "" "gitlab-runner 16.5.0 (16-5-stable; go1.20.10; linux/amd64)" -
172.18.0.3 - - [27/Oct/2023:15:04:34 +0000] "POST /api/v4/jobs/request HTTP/1.1" 204 0 "" "gitlab-runner 16.5.0 (16-5-stable; go1.20.10; linux/amd64)" -
172.18.0.3 - - [27/Oct/2023:15:04:35 +0000] "POST /api/v4/jobs/request HTTP/1.1" 204 0 "" "gitlab-runner 16.5.0 (16-5-stable; go1.20.10; linux/amd64)" -
172.18.0.3 - - [27/Oct/2023:15:04:37 +0000] "POST /api/v4/jobs/request HTTP/1.1" 204 0 "" "gitlab-runner 16.5.0 (16-5-stable; go1.20.10; linux/amd64)" -
172.18.0.3 - - [27/Oct/2023:15:04:38 +0000] "POST /api/v4/jobs/request HTTP/1.1" 204 0 "" "gitlab-runner 16.5.0 (16-5-stable; go1.20.10; linux/amd64)" -
172.18.0.1 - - [27/Oct/2023:15:04:39 +0000] "GET /root/my_project/-/jobs/2.json HTTP/1.1" 304 0 "http://localhost/root/my_project/-/jobs/2" "Mozilla/5.0 (X11; Ubuntu; Linux x86_64; rv:109.0) Gecko/20100101 Firefox/118.0" -
172.18.0.1 - - [27/Oct/2023:15:04:39 +0000] "GET /root/my_project/-/jobs/2/trace.json?state=eyJvZmZzZXQiOjY1Niwic3R5bGUiOnsiZmciOm51bGwsImJnIjpudWxsLCJtYXNrIjowfSwib3Blbl9zZWN0aW9ucyI6e319--de82dc221282815219f8a6622796a55b7b77ecd0d91007df29f94177333b47e2 HTTP/1.1" 304 0 "http://localhost/root/my_project/-/jobs/2" "Mozilla/5.0 (X11; Ubuntu; Linux x86_64; rv:109.0) Gecko/20100101 Firefox/118.0" -
172.18.0.3 - - [27/Oct/2023:15:04:40 +0000] "POST /api/v4/jobs/request HTTP/1.1" 204 0 "" "gitlab-runner 16.5.0 (16-5-stable; go1.20.10; linux/amd64)" -
172.18.0.3 - - [27/Oct/2023:15:04:41 +0000] "POST /api/v4/jobs/request HTTP/1.1" 204 0 "" "gitlab-runner 16.5.0 (16-5-stable; go1.20.10; linux/amd64)" -
172.18.0.3 - - [27/Oct/2023:15:04:43 +0000] "POST /api/v4/jobs/request HTTP/1.1" 204 0 "" "gitlab-runner 16.5.0 (16-5-stable; go1.20.10; linux/amd64)" -
172.18.0.3 - - [27/Oct/2023:15:04:44 +0000] "POST /api/v4/jobs/request HTTP/1.1" 204 0 "" "gitlab-runner 16.5.0 (16-5-stable; go1.20.10; linux/amd64)" -
172.18.0.3 - - [27/Oct/2023:15:04:46 +0000] "POST /api/v4/jobs/request HTTP/1.1" 204 0 "" "gitlab-runner 16.5.0 (16-5-stable; go1.20.10; linux/amd64)" -
172.18.0.3 - - [27/Oct/2023:15:04:47 +0000] "POST /api/v4/jobs/request HTTP/1.1" 204 0 "" "gitlab-runner 16.5.0 (16-5-stable; go1.20.10; linux/amd64)" -
127.0.0.1 - - [27/Oct/2023:15:04:48 +0000] "GET /help HTTP/1.1" 200 36850 "" "curl/8.4.0-DEV" -
172.18.0.3 - - [27/Oct/2023:15:04:49 +0000] "POST /api/v4/jobs/request HTTP/1.1" 204 0 "" "gitlab-runner 16.5.0 (16-5-stable; go1.20.10; linux/amd64)" -
172.18.0.1 - - [27/Oct/2023:15:04:49 +0000] "GET /root/my_project/-/jobs/2.json HTTP/1.1" 304 0 "http://localhost/root/my_project/-/jobs/2" "Mozilla/5.0 (X11; Ubuntu; Linux x86_64; rv:109.0) Gecko/20100101 Firefox/118.0" -
172.18.0.1 - - [27/Oct/2023:15:04:49 +0000] "GET /root/my_project/-/jobs/2/trace.json?state=eyJvZmZzZXQiOjY1Niwic3R5bGUiOnsiZmciOm51bGwsImJnIjpudWxsLCJtYXNrIjowfSwib3Blbl9zZWN0aW9ucyI6e319--de82dc221282815219f8a6622796a55b7b77ecd0d91007df29f94177333b47e2 HTTP/1.1" 304 0 "http://localhost/root/my_project/-/jobs/2" "Mozilla/5.0 (X11; Ubuntu; Linux x86_64; rv:109.0) Gecko/20100101 Firefox/118.0" -
172.18.0.3 - - [27/Oct/2023:15:04:50 +0000] "POST /api/v4/jobs/request HTTP/1.1" 204 0 "" "gitlab-runner 16.5.0 (16-5-stable; go1.20.10; linux/amd64)" -
172.18.0.3 - - [27/Oct/2023:15:04:52 +0000] "POST /api/v4/jobs/request HTTP/1.1" 204 0 "" "gitlab-runner 16.5.0 (16-5-stable; go1.20.10; linux/amd64)" -
172.18.0.3 - - [27/Oct/2023:15:04:53 +0000] "POST /api/v4/jobs/request HTTP/1.1" 204 0 "" "gitlab-runner 16.5.0 (16-5-stable; go1.20.10; linux/amd64)" -
172.18.0.3 - - [27/Oct/2023:15:04:55 +0000] "POST /api/v4/jobs/request HTTP/1.1" 204 0 "" "gitlab-runner 16.5.0 (16-5-stable; go1.20.10; linux/amd64)" -
172.18.0.3 - - [27/Oct/2023:15:04:56 +0000] "POST /api/v4/jobs/request HTTP/1.1" 204 0 "" "gitlab-runner 16.5.0 (16-5-stable; go1.20.10; linux/amd64)" -
172.18.0.3 - - [27/Oct/2023:15:04:58 +0000] "POST /api/v4/jobs/request HTTP/1.1" 204 0 "" "gitlab-runner 16.5.0 (16-5-stable; go1.20.10; linux/amd64)" -
172.18.0.3 - - [27/Oct/2023:15:04:59 +0000] "POST /api/v4/jobs/request HTTP/1.1" 204 0 "" "gitlab-runner 16.5.0 (16-5-stable; go1.20.10; linux/amd64)" -
172.18.0.1 - - [27/Oct/2023:15:04:59 +0000] "GET /root/my_project/-/jobs/2.json HTTP/1.1" 304 0 "http://localhost/root/my_project/-/jobs/2" "Mozilla/5.0 (X11; Ubuntu; Linux x86_64; rv:109.0) Gecko/20100101 Firefox/118.0" -
172.18.0.1 - - [27/Oct/2023:15:04:59 +0000] "GET /root/my_project/-/jobs/2/trace.json?state=eyJvZmZzZXQiOjY1Niwic3R5bGUiOnsiZmciOm51bGwsImJnIjpudWxsLCJtYXNrIjowfSwib3Blbl9zZWN0aW9ucyI6e319--de82dc221282815219f8a6622796a55b7b77ecd0d91007df29f94177333b47e2 HTTP/1.1" 304 0 "http://localhost/root/my_project/-/jobs/2" "Mozilla/5.0 (X11; Ubuntu; Linux x86_64; rv:109.0) Gecko/20100101 Firefox/118.0" -
172.18.0.3 - - [27/Oct/2023:15:05:01 +0000] "POST /api/v4/jobs/request HTTP/1.1" 204 0 "" "gitlab-runner 16.5.0 (16-5-stable; go1.20.10; linux/amd64)" -
172.18.0.3 - - [27/Oct/2023:15:05:02 +0000] "POST /api/v4/jobs/request HTTP/1.1" 204 0 "" "gitlab-runner 16.5.0 (16-5-stable; go1.20.10; linux/amd64)" -
172.18.0.3 - - [27/Oct/2023:15:05:04 +0000] "POST /api/v4/jobs/request HTTP/1.1" 204 0 "" "gitlab-runner 16.5.0 (16-5-stable; go1.20.10; linux/amd64)" -
172.18.0.3 - - [27/Oct/2023:15:05:05 +0000] "POST /api/v4/jobs/request HTTP/1.1" 204 0 "" "gitlab-runner 16.5.0 (16-5-stable; go1.20.10; linux/amd64)" -
172.18.0.3 - - [27/Oct/2023:15:05:07 +0000] "POST /api/v4/jobs/request HTTP/1.1" 204 0 "" "gitlab-runner 16.5.0 (16-5-stable; go1.20.10; linux/amd64)" -
172.18.0.3 - - [27/Oct/2023:15:05:08 +0000] "POST /api/v4/jobs/request HTTP/1.1" 204 0 "" "gitlab-runner 16.5.0 (16-5-stable; go1.20.10; linux/amd64)" -
172.18.0.1 - - [27/Oct/2023:15:05:09 +0000] "GET /root/my_project/-/jobs/2.json HTTP/1.1" 304 0 "http://localhost/root/my_project/-/jobs/2" "Mozilla/5.0 (X11; Ubuntu; Linux x86_64; rv:109.0) Gecko/20100101 Firefox/118.0" -
172.18.0.1 - - [27/Oct/2023:15:05:10 +0000] "GET /root/my_project/-/jobs/2/trace.json?state=eyJvZmZzZXQiOjY1Niwic3R5bGUiOnsiZmciOm51bGwsImJnIjpudWxsLCJtYXNrIjowfSwib3Blbl9zZWN0aW9ucyI6e319--de82dc221282815219f8a6622796a55b7b77ecd0d91007df29f94177333b47e2 HTTP/1.1" 304 0 "http://localhost/root/my_project/-/jobs/2" "Mozilla/5.0 (X11; Ubuntu; Linux x86_64; rv:109.0) Gecko/20100101 Firefox/118.0" -
172.18.0.3 - - [27/Oct/2023:15:05:10 +0000] "POST /api/v4/jobs/request HTTP/1.1" 204 0 "" "gitlab-runner 16.5.0 (16-5-stable; go1.20.10; linux/amd64)" -
172.18.0.3 - - [27/Oct/2023:15:05:11 +0000] "POST /api/v4/jobs/request HTTP/1.1" 204 0 "" "gitlab-runner 16.5.0 (16-5-stable; go1.20.10; linux/amd64)" -
172.18.0.3 - - [27/Oct/2023:15:05:13 +0000] "POST /api/v4/jobs/request HTTP/1.1" 204 0 "" "gitlab-runner 16.5.0 (16-5-stable; go1.20.10; linux/amd64)" -
172.18.0.3 - - [27/Oct/2023:15:05:14 +0000] "POST /api/v4/jobs/request HTTP/1.1" 204 0 "" "gitlab-runner 16.5.0 (16-5-stable; go1.20.10; linux/amd64)" -
172.18.0.3 - - [27/Oct/2023:15:05:16 +0000] "POST /api/v4/jobs/request HTTP/1.1" 204 0 "" "gitlab-runner 16.5.0 (16-5-stable; go1.20.10; linux/amd64)" -
172.18.0.3 - - [27/Oct/2023:15:05:17 +0000] "POST /api/v4/jobs/request HTTP/1.1" 204 0 "" "gitlab-runner 16.5.0 (16-5-stable; go1.20.10; linux/amd64)" -
172.18.0.3 - - [27/Oct/2023:15:05:19 +0000] "POST /api/v4/jobs/request HTTP/1.1" 204 0 "" "gitlab-runner 16.5.0 (16-5-stable; go1.20.10; linux/amd64)" -
172.18.0.1 - - [27/Oct/2023:15:05:20 +0000] "GET /root/my_project/-/jobs/2.json HTTP/1.1" 304 0 "http://localhost/root/my_project/-/jobs/2" "Mozilla/5.0 (X11; Ubuntu; Linux x86_64; rv:109.0) Gecko/20100101 Firefox/118.0" -
172.18.0.1 - - [27/Oct/2023:15:05:20 +0000] "GET /root/my_project/-/jobs/2/trace.json?state=eyJvZmZzZXQiOjY1Niwic3R5bGUiOnsiZmciOm51bGwsImJnIjpudWxsLCJtYXNrIjowfSwib3Blbl9zZWN0aW9ucyI6e319--de82dc221282815219f8a6622796a55b7b77ecd0d91007df29f94177333b47e2 HTTP/1.1" 304 0 "http://localhost/root/my_project/-/jobs/2" "Mozilla/5.0 (X11; Ubuntu; Linux x86_64; rv:109.0) Gecko/20100101 Firefox/118.0" -
172.18.0.3 - - [27/Oct/2023:15:05:20 +0000] "POST /api/v4/jobs/request HTTP/1.1" 204 0 "" "gitlab-runner 16.5.0 (16-5-stable; go1.20.10; linux/amd64)" -
172.18.0.3 - - [27/Oct/2023:15:05:22 +0000] "POST /api/v4/jobs/request HTTP/1.1" 204 0 "" "gitlab-runner 16.5.0 (16-5-stable; go1.20.10; linux/amd64)" -
172.18.0.3 - - [27/Oct/2023:15:05:23 +0000] "POST /api/v4/jobs/request HTTP/1.1" 204 0 "" "gitlab-runner 16.5.0 (16-5-stable; go1.20.10; linux/amd64)" -
172.18.0.3 - - [27/Oct/2023:15:05:25 +0000] "POST /api/v4/jobs/request HTTP/1.1" 204 0 "" "gitlab-runner 16.5.0 (16-5-stable; go1.20.10; linux/amd64)" -
172.18.0.3 - - [27/Oct/2023:15:05:26 +0000] "POST /api/v4/jobs/request HTTP/1.1" 204 0 "" "gitlab-runner 16.5.0 (16-5-stable; go1.20.10; linux/amd64)" -
172.18.0.3 - - [27/Oct/2023:15:05:28 +0000] "POST /api/v4/jobs/request HTTP/1.1" 204 0 "" "gitlab-runner 16.5.0 (16-5-stable; go1.20.10; linux/amd64)" -
172.18.0.3 - - [27/Oct/2023:15:05:29 +0000] "POST /api/v4/jobs/request HTTP/1.1" 204 0 "" "gitlab-runner 16.5.0 (16-5-stable; go1.20.10; linux/amd64)" -
172.18.0.1 - - [27/Oct/2023:15:05:30 +0000] "GET /root/my_project/-/jobs/2.json HTTP/1.1" 304 0 "http://localhost/root/my_project/-/jobs/2" "Mozilla/5.0 (X11; Ubuntu; Linux x86_64; rv:109.0) Gecko/20100101 Firefox/118.0" -
172.18.0.1 - - [27/Oct/2023:15:05:30 +0000] "GET /root/my_project/-/jobs/2/trace.json?state=eyJvZmZzZXQiOjY1Niwic3R5bGUiOnsiZmciOm51bGwsImJnIjpudWxsLCJtYXNrIjowfSwib3Blbl9zZWN0aW9ucyI6e319--de82dc221282815219f8a6622796a55b7b77ecd0d91007df29f94177333b47e2 HTTP/1.1" 304 0 "http://localhost/root/my_project/-/jobs/2" "Mozilla/5.0 (X11; Ubuntu; Linux x86_64; rv:109.0) Gecko/20100101 Firefox/118.0" -
172.18.0.3 - - [27/Oct/2023:15:05:31 +0000] "POST /api/v4/jobs/request HTTP/1.1" 204 0 "" "gitlab-runner 16.5.0 (16-5-stable; go1.20.10; linux/amd64)" -
172.18.0.3 - - [27/Oct/2023:15:05:32 +0000] "POST /api/v4/jobs/request HTTP/1.1" 204 0 "" "gitlab-runner 16.5.0 (16-5-stable; go1.20.10; linux/amd64)" -
172.18.0.3 - - [27/Oct/2023:15:05:34 +0000] "POST /api/v4/jobs/request HTTP/1.1" 204 0 "" "gitlab-runner 16.5.0 (16-5-stable; go1.20.10; linux/amd64)" -
172.18.0.3 - - [27/Oct/2023:15:05:35 +0000] "POST /api/v4/jobs/request HTTP/1.1" 204 0 "" "gitlab-runner 16.5.0 (16-5-stable; go1.20.10; linux/amd64)" -
172.18.0.3 - - [27/Oct/2023:15:05:37 +0000] "POST /api/v4/jobs/request HTTP/1.1" 204 0 "" "gitlab-runner 16.5.0 (16-5-stable; go1.20.10; linux/amd64)" -
172.18.0.3 - - [27/Oct/2023:15:05:38 +0000] "POST /api/v4/jobs/request HTTP/1.1" 204 0 "" "gitlab-runner 16.5.0 (16-5-stable; go1.20.10; linux/amd64)" -
172.18.0.3 - - [27/Oct/2023:15:05:40 +0000] "POST /api/v4/jobs/request HTTP/1.1" 204 0 "" "gitlab-runner 16.5.0 (16-5-stable; go1.20.10; linux/amd64)" -
172.18.0.1 - - [27/Oct/2023:15:05:40 +0000] "GET /root/my_project/-/jobs/2.json HTTP/1.1" 304 0 "http://localhost/root/my_project/-/jobs/2" "Mozilla/5.0 (X11; Ubuntu; Linux x86_64; rv:109.0) Gecko/20100101 Firefox/118.0" -
172.18.0.1 - - [27/Oct/2023:15:05:40 +0000] "GET /root/my_project/-/jobs/2/trace.json?state=eyJvZmZzZXQiOjY1Niwic3R5bGUiOnsiZmciOm51bGwsImJnIjpudWxsLCJtYXNrIjowfSwib3Blbl9zZWN0aW9ucyI6e319--de82dc221282815219f8a6622796a55b7b77ecd0d91007df29f94177333b47e2 HTTP/1.1" 304 0 "http://localhost/root/my_project/-/jobs/2" "Mozilla/5.0 (X11; Ubuntu; Linux x86_64; rv:109.0) Gecko/20100101 Firefox/118.0" -
172.18.0.3 - - [27/Oct/2023:15:05:41 +0000] "POST /api/v4/jobs/request HTTP/1.1" 204 0 "" "gitlab-runner 16.5.0 (16-5-stable; go1.20.10; linux/amd64)" -
172.18.0.3 - - [27/Oct/2023:15:05:43 +0000] "POST /api/v4/jobs/request HTTP/1.1" 204 0 "" "gitlab-runner 16.5.0 (16-5-stable; go1.20.10; linux/amd64)" -
172.18.0.3 - - [27/Oct/2023:15:05:44 +0000] "POST /api/v4/jobs/request HTTP/1.1" 204 0 "" "gitlab-runner 16.5.0 (16-5-stable; go1.20.10; linux/amd64)" -
172.18.0.3 - - [27/Oct/2023:15:05:46 +0000] "POST /api/v4/jobs/request HTTP/1.1" 204 0 "" "gitlab-runner 16.5.0 (16-5-stable; go1.20.10; linux/amd64)" -
172.18.0.3 - - [27/Oct/2023:15:05:47 +0000] "POST /api/v4/jobs/request HTTP/1.1" 204 0 "" "gitlab-runner 16.5.0 (16-5-stable; go1.20.10; linux/amd64)" -
127.0.0.1 - - [27/Oct/2023:15:05:48 +0000] "GET /help HTTP/1.1" 200 36850 "" "curl/8.4.0-DEV" -
172.18.0.3 - - [27/Oct/2023:15:05:49 +0000] "POST /api/v4/jobs/request HTTP/1.1" 204 0 "" "gitlab-runner 16.5.0 (16-5-stable; go1.20.10; linux/amd64)" -
172.18.0.3 - - [27/Oct/2023:15:05:50 +0000] "POST /api/v4/jobs/request HTTP/1.1" 204 0 "" "gitlab-runner 16.5.0 (16-5-stable; go1.20.10; linux/amd64)" -
172.18.0.1 - - [27/Oct/2023:15:05:51 +0000] "GET /root/my_project/-/jobs/2.json HTTP/1.1" 304 0 "http://localhost/root/my_project/-/jobs/2" "Mozilla/5.0 (X11; Ubuntu; Linux x86_64; rv:109.0) Gecko/20100101 Firefox/118.0" -
172.18.0.1 - - [27/Oct/2023:15:05:51 +0000] "GET /root/my_project/-/jobs/2/trace.json?state=eyJvZmZzZXQiOjY1Niwic3R5bGUiOnsiZmciOm51bGwsImJnIjpudWxsLCJtYXNrIjowfSwib3Blbl9zZWN0aW9ucyI6e319--de82dc221282815219f8a6622796a55b7b77ecd0d91007df29f94177333b47e2 HTTP/1.1" 304 0 "http://localhost/root/my_project/-/jobs/2" "Mozilla/5.0 (X11; Ubuntu; Linux x86_64; rv:109.0) Gecko/20100101 Firefox/118.0" -
172.18.0.3 - - [27/Oct/2023:15:05:52 +0000] "POST /api/v4/jobs/request HTTP/1.1" 204 0 "" "gitlab-runner 16.5.0 (16-5-stable; go1.20.10; linux/amd64)" -
172.18.0.3 - - [27/Oct/2023:15:05:53 +0000] "POST /api/v4/jobs/request HTTP/1.1" 204 0 "" "gitlab-runner 16.5.0 (16-5-stable; go1.20.10; linux/amd64)" -
172.18.0.3 - - [27/Oct/2023:15:05:55 +0000] "POST /api/v4/jobs/request HTTP/1.1" 204 0 "" "gitlab-runner 16.5.0 (16-5-stable; go1.20.10; linux/amd64)" -
172.18.0.3 - - [27/Oct/2023:15:05:56 +0000] "POST /api/v4/jobs/request HTTP/1.1" 204 0 "" "gitlab-runner 16.5.0 (16-5-stable; go1.20.10; linux/amd64)" -
172.18.0.3 - - [27/Oct/2023:15:05:58 +0000] "POST /api/v4/jobs/request HTTP/1.1" 204 0 "" "gitlab-runner 16.5.0 (16-5-stable; go1.20.10; linux/amd64)" -
172.18.0.3 - - [27/Oct/2023:15:05:59 +0000] "POST /api/v4/jobs/request HTTP/1.1" 204 0 "" "gitlab-runner 16.5.0 (16-5-stable; go1.20.10; linux/amd64)" -
172.18.0.3 - - [27/Oct/2023:15:06:01 +0000] "POST /api/v4/jobs/request HTTP/1.1" 204 0 "" "gitlab-runner 16.5.0 (16-5-stable; go1.20.10; linux/amd64)" -
172.18.0.1 - - [27/Oct/2023:15:06:01 +0000] "GET /root/my_project/-/jobs/2.json HTTP/1.1" 304 0 "http://localhost/root/my_project/-/jobs/2" "Mozilla/5.0 (X11; Ubuntu; Linux x86_64; rv:109.0) Gecko/20100101 Firefox/118.0" -
172.18.0.1 - - [27/Oct/2023:15:06:01 +0000] "GET /root/my_project/-/jobs/2/trace.json?state=eyJvZmZzZXQiOjY1Niwic3R5bGUiOnsiZmciOm51bGwsImJnIjpudWxsLCJtYXNrIjowfSwib3Blbl9zZWN0aW9ucyI6e319--de82dc221282815219f8a6622796a55b7b77ecd0d91007df29f94177333b47e2 HTTP/1.1" 304 0 "http://localhost/root/my_project/-/jobs/2" "Mozilla/5.0 (X11; Ubuntu; Linux x86_64; rv:109.0) Gecko/20100101 Firefox/118.0" -
172.18.0.3 - - [27/Oct/2023:15:06:02 +0000] "POST /api/v4/jobs/request HTTP/1.1" 204 0 "" "gitlab-runner 16.5.0 (16-5-stable; go1.20.10; linux/amd64)" -
172.18.0.3 - - [27/Oct/2023:15:06:04 +0000] "POST /api/v4/jobs/request HTTP/1.1" 204 0 "" "gitlab-runner 16.5.0 (16-5-stable; go1.20.10; linux/amd64)" -
172.18.0.3 - - [27/Oct/2023:15:06:05 +0000] "POST /api/v4/jobs/request HTTP/1.1" 204 0 "" "gitlab-runner 16.5.0 (16-5-stable; go1.20.10; linux/amd64)" -
172.18.0.3 - - [27/Oct/2023:15:06:07 +0000] "POST /api/v4/jobs/request HTTP/1.1" 204 0 "" "gitlab-runner 16.5.0 (16-5-stable; go1.20.10; linux/amd64)" -
172.18.0.3 - - [27/Oct/2023:15:06:08 +0000] "POST /api/v4/jobs/request HTTP/1.1" 204 0 "" "gitlab-runner 16.5.0 (16-5-stable; go1.20.10; linux/amd64)" -
172.18.0.3 - - [27/Oct/2023:15:06:10 +0000] "POST /api/v4/jobs/request HTTP/1.1" 204 0 "" "gitlab-runner 16.5.0 (16-5-stable; go1.20.10; linux/amd64)" -
172.18.0.1 - - [27/Oct/2023:15:06:11 +0000] "GET /root/my_project/-/jobs/2.json HTTP/1.1" 304 0 "http://localhost/root/my_project/-/jobs/2" "Mozilla/5.0 (X11; Ubuntu; Linux x86_64; rv:109.0) Gecko/20100101 Firefox/118.0" -
172.18.0.1 - - [27/Oct/2023:15:06:11 +0000] "GET /root/my_project/-/jobs/2/trace.json?state=eyJvZmZzZXQiOjY1Niwic3R5bGUiOnsiZmciOm51bGwsImJnIjpudWxsLCJtYXNrIjowfSwib3Blbl9zZWN0aW9ucyI6e319--de82dc221282815219f8a6622796a55b7b77ecd0d91007df29f94177333b47e2 HTTP/1.1" 304 0 "http://localhost/root/my_project/-/jobs/2" "Mozilla/5.0 (X11; Ubuntu; Linux x86_64; rv:109.0) Gecko/20100101 Firefox/118.0" -
172.18.0.3 - - [27/Oct/2023:15:06:11 +0000] "POST /api/v4/jobs/request HTTP/1.1" 204 0 "" "gitlab-runner 16.5.0 (16-5-stable; go1.20.10; linux/amd64)" -
172.18.0.3 - - [27/Oct/2023:15:06:13 +0000] "POST /api/v4/jobs/request HTTP/1.1" 204 0 "" "gitlab-runner 16.5.0 (16-5-stable; go1.20.10; linux/amd64)" -
172.18.0.3 - - [27/Oct/2023:15:06:14 +0000] "POST /api/v4/jobs/request HTTP/1.1" 204 0 "" "gitlab-runner 16.5.0 (16-5-stable; go1.20.10; linux/amd64)" -
172.18.0.3 - - [27/Oct/2023:15:06:16 +0000] "POST /api/v4/jobs/request HTTP/1.1" 204 0 "" "gitlab-runner 16.5.0 (16-5-stable; go1.20.10; linux/amd64)" -
172.18.0.3 - - [27/Oct/2023:15:06:17 +0000] "POST /api/v4/jobs/request HTTP/1.1" 204 0 "" "gitlab-runner 16.5.0 (16-5-stable; go1.20.10; linux/amd64)" -
172.18.0.3 - - [27/Oct/2023:15:06:19 +0000] "POST /api/v4/jobs/request HTTP/1.1" 204 0 "" "gitlab-runner 16.5.0 (16-5-stable; go1.20.10; linux/amd64)" -
172.18.0.3 - - [27/Oct/2023:15:06:20 +0000] "POST /api/v4/jobs/request HTTP/1.1" 204 0 "" "gitlab-runner 16.5.0 (16-5-stable; go1.20.10; linux/amd64)" -
172.18.0.1 - - [27/Oct/2023:15:06:21 +0000] "GET /root/my_project/-/jobs/2.json HTTP/1.1" 304 0 "http://localhost/root/my_project/-/jobs/2" "Mozilla/5.0 (X11; Ubuntu; Linux x86_64; rv:109.0) Gecko/20100101 Firefox/118.0" -
172.18.0.1 - - [27/Oct/2023:15:06:22 +0000] "GET /root/my_project/-/jobs/2/trace.json?state=eyJvZmZzZXQiOjY1Niwic3R5bGUiOnsiZmciOm51bGwsImJnIjpudWxsLCJtYXNrIjowfSwib3Blbl9zZWN0aW9ucyI6e319--de82dc221282815219f8a6622796a55b7b77ecd0d91007df29f94177333b47e2 HTTP/1.1" 304 0 "http://localhost/root/my_project/-/jobs/2" "Mozilla/5.0 (X11; Ubuntu; Linux x86_64; rv:109.0) Gecko/20100101 Firefox/118.0" -
172.18.0.3 - - [27/Oct/2023:15:06:22 +0000] "POST /api/v4/jobs/request HTTP/1.1" 204 0 "" "gitlab-runner 16.5.0 (16-5-stable; go1.20.10; linux/amd64)" -
172.18.0.3 - - [27/Oct/2023:15:06:23 +0000] "POST /api/v4/jobs/request HTTP/1.1" 204 0 "" "gitlab-runner 16.5.0 (16-5-stable; go1.20.10; linux/amd64)" -
172.18.0.3 - - [27/Oct/2023:15:06:25 +0000] "POST /api/v4/jobs/request HTTP/1.1" 204 0 "" "gitlab-runner 16.5.0 (16-5-stable; go1.20.10; linux/amd64)" -
172.18.0.3 - - [27/Oct/2023:15:06:26 +0000] "POST /api/v4/jobs/request HTTP/1.1" 204 0 "" "gitlab-runner 16.5.0 (16-5-stable; go1.20.10; linux/amd64)" -
172.18.0.3 - - [27/Oct/2023:15:06:28 +0000] "POST /api/v4/jobs/request HTTP/1.1" 204 0 "" "gitlab-runner 16.5.0 (16-5-stable; go1.20.10; linux/amd64)" -
172.18.0.3 - - [27/Oct/2023:15:06:29 +0000] "POST /api/v4/jobs/request HTTP/1.1" 204 0 "" "gitlab-runner 16.5.0 (16-5-stable; go1.20.10; linux/amd64)" -
172.18.0.3 - - [27/Oct/2023:15:06:31 +0000] "POST /api/v4/jobs/request HTTP/1.1" 204 0 "" "gitlab-runner 16.5.0 (16-5-stable; go1.20.10; linux/amd64)" -
172.18.0.1 - - [27/Oct/2023:15:06:32 +0000] "GET /root/my_project/-/jobs/2.json HTTP/1.1" 304 0 "http://localhost/root/my_project/-/jobs/2" "Mozilla/5.0 (X11; Ubuntu; Linux x86_64; rv:109.0) Gecko/20100101 Firefox/118.0" -
172.18.0.1 - - [27/Oct/2023:15:06:32 +0000] "GET /root/my_project/-/jobs/2/trace.json?state=eyJvZmZzZXQiOjY1Niwic3R5bGUiOnsiZmciOm51bGwsImJnIjpudWxsLCJtYXNrIjowfSwib3Blbl9zZWN0aW9ucyI6e319--de82dc221282815219f8a6622796a55b7b77ecd0d91007df29f94177333b47e2 HTTP/1.1" 304 0 "http://localhost/root/my_project/-/jobs/2" "Mozilla/5.0 (X11; Ubuntu; Linux x86_64; rv:109.0) Gecko/20100101 Firefox/118.0" -
172.18.0.3 - - [27/Oct/2023:15:06:32 +0000] "POST /api/v4/jobs/request HTTP/1.1" 204 0 "" "gitlab-runner 16.5.0 (16-5-stable; go1.20.10; linux/amd64)" -
172.18.0.3 - - [27/Oct/2023:15:06:33 +0000] "POST /api/v4/jobs/request HTTP/1.1" 204 0 "" "gitlab-runner 16.5.0 (16-5-stable; go1.20.10; linux/amd64)" -
172.18.0.3 - - [27/Oct/2023:15:06:34 +0000] "POST /api/v4/jobs/request HTTP/1.1" 204 0 "" "gitlab-runner 16.5.0 (16-5-stable; go1.20.10; linux/amd64)" -
172.18.0.3 - - [27/Oct/2023:15:06:34 +0000] "POST /api/v4/jobs/request HTTP/1.1" 204 0 "" "gitlab-runner 16.5.0 (16-5-stable; go1.20.10; linux/amd64)" -
172.18.0.3 - - [27/Oct/2023:15:06:35 +0000] "POST /api/v4/jobs/request HTTP/1.1" 204 0 "" "gitlab-runner 16.5.0 (16-5-stable; go1.20.10; linux/amd64)" -
172.18.0.3 - - [27/Oct/2023:15:06:36 +0000] "POST /api/v4/jobs/request HTTP/1.1" 204 0 "" "gitlab-runner 16.5.0 (16-5-stable; go1.20.10; linux/amd64)" -
172.18.0.3 - - [27/Oct/2023:15:06:37 +0000] "POST /api/v4/jobs/request HTTP/1.1" 204 0 "" "gitlab-runner 16.5.0 (16-5-stable; go1.20.10; linux/amd64)" -
172.18.0.3 - - [27/Oct/2023:15:06:37 +0000] "POST /api/v4/jobs/request HTTP/1.1" 204 0 "" "gitlab-runner 16.5.0 (16-5-stable; go1.20.10; linux/amd64)" -
172.18.0.3 - - [27/Oct/2023:15:06:38 +0000] "POST /api/v4/jobs/request HTTP/1.1" 204 0 "" "gitlab-runner 16.5.0 (16-5-stable; go1.20.10; linux/amd64)" -
172.18.0.3 - - [27/Oct/2023:15:06:39 +0000] "POST /api/v4/jobs/request HTTP/1.1" 204 0 "" "gitlab-runner 16.5.0 (16-5-stable; go1.20.10; linux/amd64)" -
172.18.0.1 - - [27/Oct/2023:15:06:40 +0000] "GET /root/my_project/-/jobs/2 HTTP/1.1" 200 9496 "http://localhost/root/my_project/-/jobs/2" "Mozilla/5.0 (X11; Ubuntu; Linux x86_64; rv:109.0) Gecko/20100101 Firefox/118.0" 4.48
172.18.0.3 - - [27/Oct/2023:15:06:40 +0000] "POST /api/v4/jobs/request HTTP/1.1" 204 0 "" "gitlab-runner 16.5.0 (16-5-stable; go1.20.10; linux/amd64)" -
172.18.0.3 - - [27/Oct/2023:15:06:40 +0000] "POST /api/v4/jobs/request HTTP/1.1" 204 0 "" "gitlab-runner 16.5.0 (16-5-stable; go1.20.10; linux/amd64)" -
172.18.0.3 - - [27/Oct/2023:15:06:41 +0000] "POST /api/v4/jobs/request HTTP/1.1" 204 0 "" "gitlab-runner 16.5.0 (16-5-stable; go1.20.10; linux/amd64)" -
172.18.0.3 - - [27/Oct/2023:15:06:42 +0000] "POST /api/v4/jobs/request HTTP/1.1" 204 0 "" "gitlab-runner 16.5.0 (16-5-stable; go1.20.10; linux/amd64)" -
172.18.0.1 - - [27/Oct/2023:15:06:42 +0000] "GET /root/my_project/-/jobs/2.json HTTP/1.1" 304 0 "http://localhost/root/my_project/-/jobs/2" "Mozilla/5.0 (X11; Ubuntu; Linux x86_64; rv:109.0) Gecko/20100101 Firefox/118.0" -
172.18.0.1 - - [27/Oct/2023:15:06:42 +0000] "POST /api/graphql HTTP/1.1" 200 176 "http://localhost/root/my_project/-/jobs/2" "Mozilla/5.0 (X11; Ubuntu; Linux x86_64; rv:109.0) Gecko/20100101 Firefox/118.0" 1.52
172.18.0.3 - - [27/Oct/2023:15:06:43 +0000] "POST /api/v4/jobs/request HTTP/1.1" 204 0 "" "gitlab-runner 16.5.0 (16-5-stable; go1.20.10; linux/amd64)" -
172.18.0.1 - - [27/Oct/2023:15:06:43 +0000] "GET /root/my_project/-/jobs/2/trace.json HTTP/1.1" 304 0 "http://localhost/root/my_project/-/jobs/2" "Mozilla/5.0 (X11; Ubuntu; Linux x86_64; rv:109.0) Gecko/20100101 Firefox/118.0" -
172.18.0.1 - - [27/Oct/2023:15:06:43 +0000] "GET /root/my_project/-/pipelines/1/stage.json?stage=build&retried=1 HTTP/1.1" 200 837 "http://localhost/root/my_project/-/jobs/2" "Mozilla/5.0 (X11; Ubuntu; Linux x86_64; rv:109.0) Gecko/20100101 Firefox/118.0" 3.15
172.18.0.3 - - [27/Oct/2023:15:06:43 +0000] "POST /api/v4/jobs/request HTTP/1.1" 204 0 "" "gitlab-runner 16.5.0 (16-5-stable; go1.20.10; linux/amd64)" -
172.18.0.3 - - [27/Oct/2023:15:06:44 +0000] "POST /api/v4/jobs/request HTTP/1.1" 204 0 "" "gitlab-runner 16.5.0 (16-5-stable; go1.20.10; linux/amd64)" -
172.18.0.3 - - [27/Oct/2023:15:06:45 +0000] "POST /api/v4/jobs/request HTTP/1.1" 204 0 "" "gitlab-runner 16.5.0 (16-5-stable; go1.20.10; linux/amd64)" -
172.18.0.3 - - [27/Oct/2023:15:06:46 +0000] "POST /api/v4/jobs/request HTTP/1.1" 204 0 "" "gitlab-runner 16.5.0 (16-5-stable; go1.20.10; linux/amd64)" -
172.18.0.3 - - [27/Oct/2023:15:06:46 +0000] "POST /api/v4/jobs/request HTTP/1.1" 204 0 "" "gitlab-runner 16.5.0 (16-5-stable; go1.20.10; linux/amd64)" -
172.18.0.3 - - [27/Oct/2023:15:06:47 +0000] "POST /api/v4/jobs/request HTTP/1.1" 204 0 "" "gitlab-runner 16.5.0 (16-5-stable; go1.20.10; linux/amd64)" -
172.18.0.1 - - [27/Oct/2023:15:06:48 +0000] "GET /root/my_project/-/jobs HTTP/1.1" 200 9442 "http://localhost/root/my_project/-/jobs/2" "Mozilla/5.0 (X11; Ubuntu; Linux x86_64; rv:109.0) Gecko/20100101 Firefox/118.0" 4.45
172.18.0.3 - - [27/Oct/2023:15:06:48 +0000] "POST /api/v4/jobs/request HTTP/1.1" 204 0 "" "gitlab-runner 16.5.0 (16-5-stable; go1.20.10; linux/amd64)" -
172.18.0.1 - - [27/Oct/2023:15:06:48 +0000] "GET /assets/webpack/commons-pages.admin.jobs.index-pages.projects.jobs.index.6f8fa3a9.chunk.js HTTP/1.1" 200 65579 "http://localhost/root/my_project/-/jobs" "Mozilla/5.0 (X11; Ubuntu; Linux x86_64; rv:109.0) Gecko/20100101 Firefox/118.0" -
172.18.0.1 - - [27/Oct/2023:15:06:48 +0000] "GET /assets/webpack/pages.projects.jobs.index.876e6ffc.chunk.js HTTP/1.1" 200 8756 "http://localhost/root/my_project/-/jobs" "Mozilla/5.0 (X11; Ubuntu; Linux x86_64; rv:109.0) Gecko/20100101 Firefox/118.0" -
127.0.0.1 - - [27/Oct/2023:15:06:49 +0000] "GET /help HTTP/1.1" 200 36850 "" "curl/8.4.0-DEV" -
172.18.0.3 - - [27/Oct/2023:15:06:49 +0000] "POST /api/v4/jobs/request HTTP/1.1" 204 0 "" "gitlab-runner 16.5.0 (16-5-stable; go1.20.10; linux/amd64)" -
172.18.0.3 - - [27/Oct/2023:15:06:49 +0000] "POST /api/v4/jobs/request HTTP/1.1" 204 0 "" "gitlab-runner 16.5.0 (16-5-stable; go1.20.10; linux/amd64)" -
172.18.0.1 - - [27/Oct/2023:15:06:50 +0000] "POST /api/graphql HTTP/1.1" 200 125 "http://localhost/root/my_project/-/jobs" "Mozilla/5.0 (X11; Ubuntu; Linux x86_64; rv:109.0) Gecko/20100101 Firefox/118.0" -
172.18.0.3 - - [27/Oct/2023:15:06:50 +0000] "POST /api/v4/jobs/request HTTP/1.1" 204 0 "" "gitlab-runner 16.5.0 (16-5-stable; go1.20.10; linux/amd64)" -
172.18.0.1 - - [27/Oct/2023:15:06:51 +0000] "POST /api/graphql HTTP/1.1" 200 970 "http://localhost/root/my_project/-/jobs" "Mozilla/5.0 (X11; Ubuntu; Linux x86_64; rv:109.0) Gecko/20100101 Firefox/118.0" 3.35
172.18.0.3 - - [27/Oct/2023:15:06:51 +0000] "POST /api/v4/jobs/request HTTP/1.1" 204 0 "" "gitlab-runner 16.5.0 (16-5-stable; go1.20.10; linux/amd64)" -
172.18.0.3 - - [27/Oct/2023:15:06:52 +0000] "POST /api/v4/jobs/request HTTP/1.1" 204 0 "" "gitlab-runner 16.5.0 (16-5-stable; go1.20.10; linux/amd64)" -
172.18.0.3 - - [27/Oct/2023:15:06:52 +0000] "POST /api/v4/jobs/request HTTP/1.1" 204 0 "" "gitlab-runner 16.5.0 (16-5-stable; go1.20.10; linux/amd64)" -
172.18.0.3 - - [27/Oct/2023:15:06:53 +0000] "POST /api/v4/jobs/request HTTP/1.1" 204 0 "" "gitlab-runner 16.5.0 (16-5-stable; go1.20.10; linux/amd64)" -
172.18.0.3 - - [27/Oct/2023:15:06:54 +0000] "POST /api/v4/jobs/request HTTP/1.1" 204 0 "" "gitlab-runner 16.5.0 (16-5-stable; go1.20.10; linux/amd64)" -
172.18.0.1 - - [27/Oct/2023:15:06:55 +0000] "GET /root/my_project/-/pipelines HTTP/1.1" 200 12267 "http://localhost/root/my_project/-/jobs" "Mozilla/5.0 (X11; Ubuntu; Linux x86_64; rv:109.0) Gecko/20100101 Firefox/118.0" 4.18
172.18.0.1 - - [27/Oct/2023:15:06:55 +0000] "GET /assets/webpack/commons-pages.admin.runners.index-pages.admin.runners.show-pages.groups.runners.index-pages.groups.r-a39eb4df.763e7ef2.chunk.js HTTP/1.1" 200 27648 "http://localhost/root/my_project/-/pipelines" "Mozilla/5.0 (X11; Ubuntu; Linux x86_64; rv:109.0) Gecko/20100101 Firefox/118.0" -
172.18.0.1 - - [27/Oct/2023:15:06:55 +0000] "GET /assets/webpack/commons-pages.groups.boards-pages.projects.boards-pages.projects.pipelines.index.6778585d.chunk.js HTTP/1.1" 200 8791 "http://localhost/root/my_project/-/pipelines" "Mozilla/5.0 (X11; Ubuntu; Linux x86_64; rv:109.0) Gecko/20100101 Firefox/118.0" -
172.18.0.1 - - [27/Oct/2023:15:06:55 +0000] "GET /assets/webpack/commons-pages.projects.ci.pipeline_editor.show-pages.projects.pipelines.index.2a2aba93.chunk.js HTTP/1.1" 200 46080 "http://localhost/root/my_project/-/pipelines" "Mozilla/5.0 (X11; Ubuntu; Linux x86_64; rv:109.0) Gecko/20100101 Firefox/118.0" -
172.18.0.3 - - [27/Oct/2023:15:06:55 +0000] "POST /api/v4/jobs/request HTTP/1.1" 204 0 "" "gitlab-runner 16.5.0 (16-5-stable; go1.20.10; linux/amd64)" -
172.18.0.1 - - [27/Oct/2023:15:06:55 +0000] "GET /assets/webpack/pages.projects.pipelines.index.75a40e89.chunk.js HTTP/1.1" 200 44923 "http://localhost/root/my_project/-/pipelines" "Mozilla/5.0 (X11; Ubuntu; Linux x86_64; rv:109.0) Gecko/20100101 Firefox/118.0" -
172.18.0.3 - - [27/Oct/2023:15:06:55 +0000] "POST /api/v4/jobs/request HTTP/1.1" 204 0 "" "gitlab-runner 16.5.0 (16-5-stable; go1.20.10; linux/amd64)" -
172.18.0.3 - - [27/Oct/2023:15:06:57 +0000] "POST /api/v4/jobs/request HTTP/1.1" 204 0 "" "gitlab-runner 16.5.0 (16-5-stable; go1.20.10; linux/amd64)" -
172.18.0.1 - - [27/Oct/2023:15:06:57 +0000] "GET /root/my_project/-/pipelines.json HTTP/1.1" 200 1419 "http://localhost/root/my_project/-/pipelines" "Mozilla/5.0 (X11; Ubuntu; Linux x86_64; rv:109.0) Gecko/20100101 Firefox/118.0" 2.90
172.18.0.3 - - [27/Oct/2023:15:06:57 +0000] "POST /api/v4/jobs/request HTTP/1.1" 204 0 "" "gitlab-runner 16.5.0 (16-5-stable; go1.20.10; linux/amd64)" -
172.18.0.3 - - [27/Oct/2023:15:06:58 +0000] "POST /api/v4/jobs/request HTTP/1.1" 204 0 "" "gitlab-runner 16.5.0 (16-5-stable; go1.20.10; linux/amd64)" -
172.18.0.1 - - [27/Oct/2023:15:06:58 +0000] "GET /root/my_project/-/pipelines.json?scope=all&page=1 HTTP/1.1" 200 1419 "http://localhost/root/my_project/-/pipelines" "Mozilla/5.0 (X11; Ubuntu; Linux x86_64; rv:109.0) Gecko/20100101 Firefox/118.0" 2.90
172.18.0.3 - - [27/Oct/2023:15:06:58 +0000] "POST /api/v4/jobs/request HTTP/1.1" 204 0 "" "gitlab-runner 16.5.0 (16-5-stable; go1.20.10; linux/amd64)" -
172.18.0.3 - - [27/Oct/2023:15:07:00 +0000] "POST /api/v4/jobs/request HTTP/1.1" 204 0 "" "gitlab-runner 16.5.0 (16-5-stable; go1.20.10; linux/amd64)" -
172.18.0.3 - - [27/Oct/2023:15:07:00 +0000] "POST /api/v4/jobs/request HTTP/1.1" 204 0 "" "gitlab-runner 16.5.0 (16-5-stable; go1.20.10; linux/amd64)" -
172.18.0.3 - - [27/Oct/2023:15:07:01 +0000] "POST /api/v4/jobs/request HTTP/1.1" 204 0 "" "gitlab-runner 16.5.0 (16-5-stable; go1.20.10; linux/amd64)" -
172.18.0.3 - - [27/Oct/2023:15:07:01 +0000] "POST /api/v4/jobs/request HTTP/1.1" 204 0 "" "gitlab-runner 16.5.0 (16-5-stable; go1.20.10; linux/amd64)" -
172.18.0.3 - - [27/Oct/2023:15:07:03 +0000] "POST /api/v4/jobs/request HTTP/1.1" 204 0 "" "gitlab-runner 16.5.0 (16-5-stable; go1.20.10; linux/amd64)" -
172.18.0.3 - - [27/Oct/2023:15:07:03 +0000] "POST /api/v4/jobs/request HTTP/1.1" 204 0 "" "gitlab-runner 16.5.0 (16-5-stable; go1.20.10; linux/amd64)" -
172.18.0.3 - - [27/Oct/2023:15:07:04 +0000] "POST /api/v4/jobs/request HTTP/1.1" 204 0 "" "gitlab-runner 16.5.0 (16-5-stable; go1.20.10; linux/amd64)" -
172.18.0.3 - - [27/Oct/2023:15:07:04 +0000] "POST /api/v4/jobs/request HTTP/1.1" 204 0 "" "gitlab-runner 16.5.0 (16-5-stable; go1.20.10; linux/amd64)" -
172.18.0.1 - - [27/Oct/2023:15:07:05 +0000] "GET /root/my_project/-/pipelines.json?scope=all&page=1 HTTP/1.1" 304 0 "http://localhost/root/my_project/-/pipelines" "Mozilla/5.0 (X11; Ubuntu; Linux x86_64; rv:109.0) Gecko/20100101 Firefox/118.0" -
172.18.0.1 - - [27/Oct/2023:15:07:05 +0000] "GET /root/my_project/-/pipelines/1/stage.json?stage=build HTTP/1.1" 200 691 "http://localhost/root/my_project/-/pipelines" "Mozilla/5.0 (X11; Ubuntu; Linux x86_64; rv:109.0) Gecko/20100101 Firefox/118.0" 2.39
172.18.0.3 - - [27/Oct/2023:15:07:06 +0000] "POST /api/v4/jobs/request HTTP/1.1" 204 0 "" "gitlab-runner 16.5.0 (16-5-stable; go1.20.10; linux/amd64)" -
172.18.0.3 - - [27/Oct/2023:15:07:06 +0000] "POST /api/v4/jobs/request HTTP/1.1" 204 0 "" "gitlab-runner 16.5.0 (16-5-stable; go1.20.10; linux/amd64)" -
172.18.0.3 - - [27/Oct/2023:15:07:07 +0000] "POST /api/v4/jobs/request HTTP/1.1" 204 0 "" "gitlab-runner 16.5.0 (16-5-stable; go1.20.10; linux/amd64)" -
172.18.0.3 - - [27/Oct/2023:15:07:07 +0000] "POST /api/v4/jobs/request HTTP/1.1" 204 0 "" "gitlab-runner 16.5.0 (16-5-stable; go1.20.10; linux/amd64)" -
172.18.0.3 - - [27/Oct/2023:15:07:09 +0000] "POST /api/v4/jobs/request HTTP/1.1" 204 0 "" "gitlab-runner 16.5.0 (16-5-stable; go1.20.10; linux/amd64)" -
172.18.0.1 - - [27/Oct/2023:15:07:09 +0000] "POST /root/my_project/-/jobs/2/retry.json HTTP/1.1" 499 0 "http://localhost/root/my_project/-/pipelines" "Mozilla/5.0 (X11; Ubuntu; Linux x86_64; rv:109.0) Gecko/20100101 Firefox/118.0" -
172.18.0.1 - - [27/Oct/2023:15:07:10 +0000] "GET /root/my_project/-/jobs/2 HTTP/1.1" 200 9494 "http://localhost/root/my_project/-/pipelines" "Mozilla/5.0 (X11; Ubuntu; Linux x86_64; rv:109.0) Gecko/20100101 Firefox/118.0" 4.48
172.18.0.3 - - [27/Oct/2023:15:07:10 +0000] "POST /api/v4/jobs/request HTTP/1.1" 204 0 "" "gitlab-runner 16.5.0 (16-5-stable; go1.20.10; linux/amd64)" -
172.18.0.3 - - [27/Oct/2023:15:07:10 +0000] "POST /api/v4/jobs/request HTTP/1.1" 201 12132 "" "gitlab-runner 16.5.0 (16-5-stable; go1.20.10; linux/amd64)" -
172.18.0.3 - - [27/Oct/2023:15:07:13 +0000] "POST /api/v4/jobs/request HTTP/1.1" 204 0 "" "gitlab-runner 16.5.0 (16-5-stable; go1.20.10; linux/amd64)" -
172.18.0.3 - - [27/Oct/2023:15:07:13 +0000] "POST /api/v4/jobs/request HTTP/1.1" 204 0 "" "gitlab-runner 16.5.0 (16-5-stable; go1.20.10; linux/amd64)" -
172.18.0.3 - - [27/Oct/2023:15:07:15 +0000] "POST /api/v4/jobs/request HTTP/1.1" 204 0 "" "gitlab-runner 16.5.0 (16-5-stable; go1.20.10; linux/amd64)" -
172.18.0.3 - - [27/Oct/2023:15:07:15 +0000] "PATCH /api/v4/jobs/3/trace?debug_trace=false HTTP/1.1" 202 2 "" "gitlab-runner 16.5.0 (16-5-stable; go1.20.10; linux/amd64)" -
172.18.0.3 - - [27/Oct/2023:15:07:16 +0000] "POST /api/v4/jobs/request HTTP/1.1" 204 0 "" "gitlab-runner 16.5.0 (16-5-stable; go1.20.10; linux/amd64)" -
172.18.0.1 - - [27/Oct/2023:15:07:17 +0000] "GET /root/my_project/-/jobs/2.json HTTP/1.1" 200 1726 "http://localhost/root/my_project/-/jobs/2" "Mozilla/5.0 (X11; Ubuntu; Linux x86_64; rv:109.0) Gecko/20100101 Firefox/118.0" 2.81
172.18.0.3 - - [27/Oct/2023:15:07:18 +0000] "POST /api/v4/jobs/request HTTP/1.1" 204 0 "" "gitlab-runner 16.5.0 (16-5-stable; go1.20.10; linux/amd64)" -
172.18.0.1 - - [27/Oct/2023:15:07:18 +0000] "POST /api/graphql HTTP/1.1" 200 176 "http://localhost/root/my_project/-/jobs/2" "Mozilla/5.0 (X11; Ubuntu; Linux x86_64; rv:109.0) Gecko/20100101 Firefox/118.0" 1.52
172.18.0.1 - - [27/Oct/2023:15:07:18 +0000] "GET /root/my_project/-/jobs/2/trace.json HTTP/1.1" 200 671 "http://localhost/root/my_project/-/jobs/2" "Mozilla/5.0 (X11; Ubuntu; Linux x86_64; rv:109.0) Gecko/20100101 Firefox/118.0" 2.07
172.18.0.3 - - [27/Oct/2023:15:07:19 +0000] "PATCH /api/v4/jobs/3/trace?debug_trace=false HTTP/1.1" 202 2 "" "gitlab-runner 16.5.0 (16-5-stable; go1.20.10; linux/amd64)" -
172.18.0.3 - - [27/Oct/2023:15:07:19 +0000] "POST /api/v4/jobs/request HTTP/1.1" 204 0 "" "gitlab-runner 16.5.0 (16-5-stable; go1.20.10; linux/amd64)" -
172.18.0.1 - - [27/Oct/2023:15:07:19 +0000] "GET /root/my_project/-/pipelines/1/stage.json?stage=build&retried=1 HTTP/1.1" 200 1023 "http://localhost/root/my_project/-/jobs/2" "Mozilla/5.0 (X11; Ubuntu; Linux x86_64; rv:109.0) Gecko/20100101 Firefox/118.0" 3.47
172.18.0.3 - - [27/Oct/2023:15:07:19 +0000] "PUT /api/v4/jobs/3 HTTP/1.1" 200 3 "" "gitlab-runner 16.5.0 (16-5-stable; go1.20.10; linux/amd64)" -
172.18.0.3 - - [27/Oct/2023:15:07:20 +0000] "POST /api/v4/jobs/request HTTP/1.1" 204 0 "" "gitlab-runner 16.5.0 (16-5-stable; go1.20.10; linux/amd64)" -
172.18.0.3 - - [27/Oct/2023:15:07:21 +0000] "POST /api/v4/jobs/request HTTP/1.1" 204 0 "" "gitlab-runner 16.5.0 (16-5-stable; go1.20.10; linux/amd64)" -
172.18.0.3 - - [27/Oct/2023:15:07:21 +0000] "POST /api/v4/jobs/request HTTP/1.1" 204 0 "" "gitlab-runner 16.5.0 (16-5-stable; go1.20.10; linux/amd64)" -
172.18.0.3 - - [27/Oct/2023:15:07:22 +0000] "POST /api/v4/jobs/request HTTP/1.1" 204 0 "" "gitlab-runner 16.5.0 (16-5-stable; go1.20.10; linux/amd64)" -
172.18.0.3 - - [27/Oct/2023:15:07:22 +0000] "POST /api/v4/jobs/request HTTP/1.1" 204 0 "" "gitlab-runner 16.5.0 (16-5-stable; go1.20.10; linux/amd64)" -
172.18.0.3 - - [27/Oct/2023:15:07:24 +0000] "POST /api/v4/jobs/request HTTP/1.1" 204 0 "" "gitlab-runner 16.5.0 (16-5-stable; go1.20.10; linux/amd64)" -
172.18.0.3 - - [27/Oct/2023:15:07:24 +0000] "POST /api/v4/jobs/request HTTP/1.1" 204 0 "" "gitlab-runner 16.5.0 (16-5-stable; go1.20.10; linux/amd64)" -
172.18.0.3 - - [27/Oct/2023:15:07:25 +0000] "POST /api/v4/jobs/request HTTP/1.1" 204 0 "" "gitlab-runner 16.5.0 (16-5-stable; go1.20.10; linux/amd64)" -
172.18.0.3 - - [27/Oct/2023:15:07:25 +0000] "POST /api/v4/jobs/request HTTP/1.1" 204 0 "" "gitlab-runner 16.5.0 (16-5-stable; go1.20.10; linux/amd64)" -
172.18.0.3 - - [27/Oct/2023:15:07:27 +0000] "POST /api/v4/jobs/request HTTP/1.1" 204 0 "" "gitlab-runner 16.5.0 (16-5-stable; go1.20.10; linux/amd64)" -
172.18.0.3 - - [27/Oct/2023:15:07:27 +0000] "POST /api/v4/jobs/request HTTP/1.1" 204 0 "" "gitlab-runner 16.5.0 (16-5-stable; go1.20.10; linux/amd64)" -
172.18.0.1 - - [27/Oct/2023:15:07:27 +0000] "GET /root/my_project/-/jobs/2.json HTTP/1.1" 200 1808 "http://localhost/root/my_project/-/jobs/2" "Mozilla/5.0 (X11; Ubuntu; Linux x86_64; rv:109.0) Gecko/20100101 Firefox/118.0" 3.31
172.18.0.1 - - [27/Oct/2023:15:07:28 +0000] "GET /root/my_project/-/jobs/2/trace.json?state=eyJvZmZzZXQiOjY1Niwic3R5bGUiOnsiZmciOm51bGwsImJnIjpudWxsLCJtYXNrIjowfSwib3Blbl9zZWN0aW9ucyI6e319--de82dc221282815219f8a6622796a55b7b77ecd0d91007df29f94177333b47e2 HTTP/1.1" 304 0 "http://localhost/root/my_project/-/jobs/2" "Mozilla/5.0 (X11; Ubuntu; Linux x86_64; rv:109.0) Gecko/20100101 Firefox/118.0" -
172.18.0.3 - - [27/Oct/2023:15:07:28 +0000] "POST /api/v4/jobs/request HTTP/1.1" 204 0 "" "gitlab-runner 16.5.0 (16-5-stable; go1.20.10; linux/amd64)" -
172.18.0.3 - - [27/Oct/2023:15:07:28 +0000] "POST /api/v4/jobs/request HTTP/1.1" 204 0 "" "gitlab-runner 16.5.0 (16-5-stable; go1.20.10; linux/amd64)" -
172.18.0.3 - - [27/Oct/2023:15:07:30 +0000] "POST /api/v4/jobs/request HTTP/1.1" 204 0 "" "gitlab-runner 16.5.0 (16-5-stable; go1.20.10; linux/amd64)" -
172.18.0.3 - - [27/Oct/2023:15:07:30 +0000] "POST /api/v4/jobs/request HTTP/1.1" 204 0 "" "gitlab-runner 16.5.0 (16-5-stable; go1.20.10; linux/amd64)" -
172.18.0.3 - - [27/Oct/2023:15:07:31 +0000] "POST /api/v4/jobs/request HTTP/1.1" 204 0 "" "gitlab-runner 16.5.0 (16-5-stable; go1.20.10; linux/amd64)" -
172.18.0.3 - - [27/Oct/2023:15:07:31 +0000] "POST /api/v4/jobs/request HTTP/1.1" 204 0 "" "gitlab-runner 16.5.0 (16-5-stable; go1.20.10; linux/amd64)" -
172.18.0.3 - - [27/Oct/2023:15:07:33 +0000] "POST /api/v4/jobs/request HTTP/1.1" 204 0 "" "gitlab-runner 16.5.0 (16-5-stable; go1.20.10; linux/amd64)" -
172.18.0.3 - - [27/Oct/2023:15:07:33 +0000] "POST /api/v4/jobs/request HTTP/1.1" 204 0 "" "gitlab-runner 16.5.0 (16-5-stable; go1.20.10; linux/amd64)" -
172.18.0.3 - - [27/Oct/2023:15:07:34 +0000] "POST /api/v4/jobs/request HTTP/1.1" 204 0 "" "gitlab-runner 16.5.0 (16-5-stable; go1.20.10; linux/amd64)" -
172.18.0.3 - - [27/Oct/2023:15:07:34 +0000] "POST /api/v4/jobs/request HTTP/1.1" 204 0 "" "gitlab-runner 16.5.0 (16-5-stable; go1.20.10; linux/amd64)" -
172.18.0.3 - - [27/Oct/2023:15:07:36 +0000] "POST /api/v4/jobs/request HTTP/1.1" 204 0 "" "gitlab-runner 16.5.0 (16-5-stable; go1.20.10; linux/amd64)" -
172.18.0.3 - - [27/Oct/2023:15:07:36 +0000] "POST /api/v4/jobs/request HTTP/1.1" 204 0 "" "gitlab-runner 16.5.0 (16-5-stable; go1.20.10; linux/amd64)" -
172.18.0.3 - - [27/Oct/2023:15:07:37 +0000] "POST /api/v4/jobs/request HTTP/1.1" 204 0 "" "gitlab-runner 16.5.0 (16-5-stable; go1.20.10; linux/amd64)" -
172.18.0.3 - - [27/Oct/2023:15:07:37 +0000] "POST /api/v4/jobs/request HTTP/1.1" 204 0 "" "gitlab-runner 16.5.0 (16-5-stable; go1.20.10; linux/amd64)" -
172.18.0.1 - - [27/Oct/2023:15:07:38 +0000] "GET /root/my_project/-/jobs/2.json HTTP/1.1" 304 0 "http://localhost/root/my_project/-/jobs/2" "Mozilla/5.0 (X11; Ubuntu; Linux x86_64; rv:109.0) Gecko/20100101 Firefox/118.0" -
172.18.0.1 - - [27/Oct/2023:15:07:38 +0000] "GET /root/my_project/-/jobs/3 HTTP/1.1" 200 9498 "http://localhost/root/my_project/-/jobs/2" "Mozilla/5.0 (X11; Ubuntu; Linux x86_64; rv:109.0) Gecko/20100101 Firefox/118.0" 4.48
172.18.0.1 - - [27/Oct/2023:15:07:38 +0000] "GET /root/my_project/-/jobs/2/trace.json?state=eyJvZmZzZXQiOjY1Niwic3R5bGUiOnsiZmciOm51bGwsImJnIjpudWxsLCJtYXNrIjowfSwib3Blbl9zZWN0aW9ucyI6e319--de82dc221282815219f8a6622796a55b7b77ecd0d91007df29f94177333b47e2 HTTP/1.1" 499 0 "http://localhost/root/my_project/-/jobs/2" "Mozilla/5.0 (X11; Ubuntu; Linux x86_64; rv:109.0) Gecko/20100101 Firefox/118.0" -
172.18.0.3 - - [27/Oct/2023:15:07:39 +0000] "POST /api/v4/jobs/request HTTP/1.1" 204 0 "" "gitlab-runner 16.5.0 (16-5-stable; go1.20.10; linux/amd64)" -
172.18.0.3 - - [27/Oct/2023:15:07:39 +0000] "POST /api/v4/jobs/request HTTP/1.1" 204 0 "" "gitlab-runner 16.5.0 (16-5-stable; go1.20.10; linux/amd64)" -
172.18.0.3 - - [27/Oct/2023:15:07:40 +0000] "POST /api/v4/jobs/request HTTP/1.1" 204 0 "" "gitlab-runner 16.5.0 (16-5-stable; go1.20.10; linux/amd64)" -
172.18.0.1 - - [27/Oct/2023:15:07:40 +0000] "GET /root/my_project/-/jobs/3.json HTTP/1.1" 200 1724 "http://localhost/root/my_project/-/jobs/3" "Mozilla/5.0 (X11; Ubuntu; Linux x86_64; rv:109.0) Gecko/20100101 Firefox/118.0" 3.57
172.18.0.3 - - [27/Oct/2023:15:07:40 +0000] "POST /api/v4/jobs/request HTTP/1.1" 204 0 "" "gitlab-runner 16.5.0 (16-5-stable; go1.20.10; linux/amd64)" -
172.18.0.1 - - [27/Oct/2023:15:07:41 +0000] "POST /api/graphql HTTP/1.1" 200 177 "http://localhost/root/my_project/-/jobs/3" "Mozilla/5.0 (X11; Ubuntu; Linux x86_64; rv:109.0) Gecko/20100101 Firefox/118.0" 1.51
172.18.0.1 - - [27/Oct/2023:15:07:41 +0000] "GET /root/my_project/-/jobs/3/trace.json HTTP/1.1" 200 670 "http://localhost/root/my_project/-/jobs/3" "Mozilla/5.0 (X11; Ubuntu; Linux x86_64; rv:109.0) Gecko/20100101 Firefox/118.0" 2.07
172.18.0.1 - - [27/Oct/2023:15:07:41 +0000] "GET /root/my_project/-/pipelines/1/stage.json?stage=build&retried=1 HTTP/1.1" 200 908 "http://localhost/root/my_project/-/jobs/3" "Mozilla/5.0 (X11; Ubuntu; Linux x86_64; rv:109.0) Gecko/20100101 Firefox/118.0" 3.97
172.18.0.3 - - [27/Oct/2023:15:07:42 +0000] "POST /api/v4/jobs/request HTTP/1.1" 204 0 "" "gitlab-runner 16.5.0 (16-5-stable; go1.20.10; linux/amd64)" -
172.18.0.3 - - [27/Oct/2023:15:07:42 +0000] "POST /api/v4/jobs/request HTTP/1.1" 204 0 "" "gitlab-runner 16.5.0 (16-5-stable; go1.20.10; linux/amd64)" -
172.18.0.3 - - [27/Oct/2023:15:07:43 +0000] "POST /api/v4/jobs/request HTTP/1.1" 204 0 "" "gitlab-runner 16.5.0 (16-5-stable; go1.20.10; linux/amd64)" -
172.18.0.3 - - [27/Oct/2023:15:07:43 +0000] "POST /api/v4/jobs/request HTTP/1.1" 204 0 "" "gitlab-runner 16.5.0 (16-5-stable; go1.20.10; linux/amd64)" -
172.18.0.3 - - [27/Oct/2023:15:07:45 +0000] "POST /api/v4/jobs/request HTTP/1.1" 204 0 "" "gitlab-runner 16.5.0 (16-5-stable; go1.20.10; linux/amd64)" -
172.18.0.3 - - [27/Oct/2023:15:07:45 +0000] "POST /api/v4/jobs/request HTTP/1.1" 204 0 "" "gitlab-runner 16.5.0 (16-5-stable; go1.20.10; linux/amd64)" -
172.18.0.3 - - [27/Oct/2023:15:07:46 +0000] "POST /api/v4/jobs/request HTTP/1.1" 204 0 "" "gitlab-runner 16.5.0 (16-5-stable; go1.20.10; linux/amd64)" -
172.18.0.3 - - [27/Oct/2023:15:07:46 +0000] "POST /api/v4/jobs/request HTTP/1.1" 204 0 "" "gitlab-runner 16.5.0 (16-5-stable; go1.20.10; linux/amd64)" -
172.18.0.3 - - [27/Oct/2023:15:07:48 +0000] "POST /api/v4/jobs/request HTTP/1.1" 204 0 "" "gitlab-runner 16.5.0 (16-5-stable; go1.20.10; linux/amd64)" -
172.18.0.3 - - [27/Oct/2023:15:07:48 +0000] "POST /api/v4/jobs/request HTTP/1.1" 204 0 "" "gitlab-runner 16.5.0 (16-5-stable; go1.20.10; linux/amd64)" -
172.18.0.3 - - [27/Oct/2023:15:07:49 +0000] "POST /api/v4/jobs/request HTTP/1.1" 204 0 "" "gitlab-runner 16.5.0 (16-5-stable; go1.20.10; linux/amd64)" -
127.0.0.1 - - [27/Oct/2023:15:07:49 +0000] "GET /help HTTP/1.1" 200 36850 "" "curl/8.4.0-DEV" -
172.18.0.3 - - [27/Oct/2023:15:07:50 +0000] "POST /api/v4/jobs/request HTTP/1.1" 204 0 "" "gitlab-runner 16.5.0 (16-5-stable; go1.20.10; linux/amd64)" -
172.18.0.3 - - [27/Oct/2023:15:07:51 +0000] "POST /api/v4/jobs/request HTTP/1.1" 204 0 "" "gitlab-runner 16.5.0 (16-5-stable; go1.20.10; linux/amd64)" -
172.18.0.3 - - [27/Oct/2023:15:07:51 +0000] "POST /api/v4/jobs/request HTTP/1.1" 204 0 "" "gitlab-runner 16.5.0 (16-5-stable; go1.20.10; linux/amd64)" -
172.18.0.3 - - [27/Oct/2023:15:07:52 +0000] "POST /api/v4/jobs/request HTTP/1.1" 204 0 "" "gitlab-runner 16.5.0 (16-5-stable; go1.20.10; linux/amd64)" -
172.18.0.3 - - [27/Oct/2023:15:07:53 +0000] "POST /api/v4/jobs/request HTTP/1.1" 204 0 "" "gitlab-runner 16.5.0 (16-5-stable; go1.20.10; linux/amd64)" -
172.18.0.3 - - [27/Oct/2023:15:07:54 +0000] "POST /api/v4/jobs/request HTTP/1.1" 204 0 "" "gitlab-runner 16.5.0 (16-5-stable; go1.20.10; linux/amd64)" -
172.18.0.3 - - [27/Oct/2023:15:07:54 +0000] "POST /api/v4/jobs/request HTTP/1.1" 204 0 "" "gitlab-runner 16.5.0 (16-5-stable; go1.20.10; linux/amd64)" -
172.18.0.3 - - [27/Oct/2023:15:07:55 +0000] "POST /api/v4/jobs/request HTTP/1.1" 204 0 "" "gitlab-runner 16.5.0 (16-5-stable; go1.20.10; linux/amd64)" -
172.18.0.3 - - [27/Oct/2023:15:07:56 +0000] "POST /api/v4/jobs/request HTTP/1.1" 204 0 "" "gitlab-runner 16.5.0 (16-5-stable; go1.20.10; linux/amd64)" -
172.18.0.3 - - [27/Oct/2023:15:07:57 +0000] "POST /api/v4/jobs/request HTTP/1.1" 204 0 "" "gitlab-runner 16.5.0 (16-5-stable; go1.20.10; linux/amd64)" -
172.18.0.3 - - [27/Oct/2023:15:07:57 +0000] "POST /api/v4/jobs/request HTTP/1.1" 204 0 "" "gitlab-runner 16.5.0 (16-5-stable; go1.20.10; linux/amd64)" -
172.18.0.3 - - [27/Oct/2023:15:07:58 +0000] "POST /api/v4/jobs/request HTTP/1.1" 204 0 "" "gitlab-runner 16.5.0 (16-5-stable; go1.20.10; linux/amd64)" -
172.18.0.3 - - [27/Oct/2023:15:07:59 +0000] "POST /api/v4/jobs/request HTTP/1.1" 204 0 "" "gitlab-runner 16.5.0 (16-5-stable; go1.20.10; linux/amd64)" -
172.18.0.3 - - [27/Oct/2023:15:08:00 +0000] "POST /api/v4/jobs/request HTTP/1.1" 204 0 "" "gitlab-runner 16.5.0 (16-5-stable; go1.20.10; linux/amd64)" -
172.18.0.3 - - [27/Oct/2023:15:08:00 +0000] "POST /api/v4/jobs/request HTTP/1.1" 204 0 "" "gitlab-runner 16.5.0 (16-5-stable; go1.20.10; linux/amd64)" -
172.18.0.1 - - [27/Oct/2023:15:08:00 +0000] "GET /root/my_project/-/runners/3 HTTP/1.1" 200 9444 "http://localhost/root/my_project/-/settings/ci_cd" "Mozilla/5.0 (X11; Ubuntu; Linux x86_64; rv:109.0) Gecko/20100101 Firefox/118.0" 4.50
172.18.0.3 - - [27/Oct/2023:15:08:01 +0000] "POST /api/v4/jobs/request HTTP/1.1" 204 0 "" "gitlab-runner 16.5.0 (16-5-stable; go1.20.10; linux/amd64)" -
172.18.0.3 - - [27/Oct/2023:15:08:02 +0000] "POST /api/v4/jobs/request HTTP/1.1" 204 0 "" "gitlab-runner 16.5.0 (16-5-stable; go1.20.10; linux/amd64)" -
172.18.0.1 - - [27/Oct/2023:15:08:02 +0000] "GET /assets/webpack/pages.projects.35c8a715.chunk.js HTTP/1.1" 200 956 "http://localhost/root/my_project/-/runners/3" "Mozilla/5.0 (X11; Ubuntu; Linux x86_64; rv:109.0) Gecko/20100101 Firefox/118.0" -
172.18.0.3 - - [27/Oct/2023:15:08:03 +0000] "POST /api/v4/jobs/request HTTP/1.1" 204 0 "" "gitlab-runner 16.5.0 (16-5-stable; go1.20.10; linux/amd64)" -
172.18.0.3 - - [27/Oct/2023:15:08:03 +0000] "POST /api/v4/jobs/request HTTP/1.1" 204 0 "" "gitlab-runner 16.5.0 (16-5-stable; go1.20.10; linux/amd64)" -
172.18.0.3 - - [27/Oct/2023:15:08:04 +0000] "POST /api/v4/jobs/request HTTP/1.1" 204 0 "" "gitlab-runner 16.5.0 (16-5-stable; go1.20.10; linux/amd64)" -
172.18.0.3 - - [27/Oct/2023:15:08:05 +0000] "POST /api/v4/jobs/request HTTP/1.1" 204 0 "" "gitlab-runner 16.5.0 (16-5-stable; go1.20.10; linux/amd64)" -
172.18.0.3 - - [27/Oct/2023:15:08:06 +0000] "POST /api/v4/jobs/request HTTP/1.1" 204 0 "" "gitlab-runner 16.5.0 (16-5-stable; go1.20.10; linux/amd64)" -
172.18.0.3 - - [27/Oct/2023:15:08:06 +0000] "POST /api/v4/jobs/request HTTP/1.1" 204 0 "" "gitlab-runner 16.5.0 (16-5-stable; go1.20.10; linux/amd64)" -
172.18.0.3 - - [27/Oct/2023:15:08:07 +0000] "POST /api/v4/jobs/request HTTP/1.1" 204 0 "" "gitlab-runner 16.5.0 (16-5-stable; go1.20.10; linux/amd64)" -
172.18.0.3 - - [27/Oct/2023:15:08:08 +0000] "POST /api/v4/jobs/request HTTP/1.1" 204 0 "" "gitlab-runner 16.5.0 (16-5-stable; go1.20.10; linux/amd64)" -
172.18.0.3 - - [27/Oct/2023:15:08:09 +0000] "POST /api/v4/jobs/request HTTP/1.1" 204 0 "" "gitlab-runner 16.5.0 (16-5-stable; go1.20.10; linux/amd64)" -
172.18.0.3 - - [27/Oct/2023:15:08:09 +0000] "POST /api/v4/jobs/request HTTP/1.1" 204 0 "" "gitlab-runner 16.5.0 (16-5-stable; go1.20.10; linux/amd64)" -
172.18.0.3 - - [27/Oct/2023:15:08:10 +0000] "POST /api/v4/jobs/request HTTP/1.1" 204 0 "" "gitlab-runner 16.5.0 (16-5-stable; go1.20.10; linux/amd64)" -
172.18.0.3 - - [27/Oct/2023:15:08:11 +0000] "POST /api/v4/jobs/request HTTP/1.1" 204 0 "" "gitlab-runner 16.5.0 (16-5-stable; go1.20.10; linux/amd64)" -
172.18.0.3 - - [27/Oct/2023:15:08:12 +0000] "POST /api/v4/jobs/request HTTP/1.1" 204 0 "" "gitlab-runner 16.5.0 (16-5-stable; go1.20.10; linux/amd64)" -
172.18.0.3 - - [27/Oct/2023:15:08:12 +0000] "POST /api/v4/jobs/request HTTP/1.1" 204 0 "" "gitlab-runner 16.5.0 (16-5-stable; go1.20.10; linux/amd64)" -
172.18.0.3 - - [27/Oct/2023:15:08:13 +0000] "POST /api/v4/jobs/request HTTP/1.1" 204 0 "" "gitlab-runner 16.5.0 (16-5-stable; go1.20.10; linux/amd64)" -
172.18.0.3 - - [27/Oct/2023:15:08:14 +0000] "POST /api/v4/jobs/request HTTP/1.1" 204 0 "" "gitlab-runner 16.5.0 (16-5-stable; go1.20.10; linux/amd64)" -
172.18.0.3 - - [27/Oct/2023:15:08:15 +0000] "POST /api/v4/jobs/request HTTP/1.1" 204 0 "" "gitlab-runner 16.5.0 (16-5-stable; go1.20.10; linux/amd64)" -
172.18.0.3 - - [27/Oct/2023:15:08:15 +0000] "POST /api/v4/jobs/request HTTP/1.1" 204 0 "" "gitlab-runner 16.5.0 (16-5-stable; go1.20.10; linux/amd64)" -
172.18.0.3 - - [27/Oct/2023:15:08:16 +0000] "POST /api/v4/jobs/request HTTP/1.1" 204 0 "" "gitlab-runner 16.5.0 (16-5-stable; go1.20.10; linux/amd64)" -
