172.18.0.1 - - [27/Oct/2023:15:11:01 +0000] "GET /api/v4/projects/1/repository/tags?search=&per_page=20 HTTP/1.1" 304 0 "http://localhost/root/my_project/-/settings/ci_cd" "Mozilla/5.0 (X11; Ubuntu; Linux x86_64; rv:109.0) Gecko/20100101 Firefox/118.0" -
172.18.0.1 - - [27/Oct/2023:15:11:01 +0000] "GET /users/sign_in HTTP/1.1" 200 4443 "http://localhost/" "Mozilla/5.0 (X11; Ubuntu; Linux x86_64; rv:109.0) Gecko/20100101 Firefox/118.0" 2.42
172.18.0.1 - - [27/Oct/2023:15:11:01 +0000] "GET /api/v4/projects/1/repository/tags?search=&per_page=20 HTTP/1.1" 200 2 "http://localhost/root/my_project/-/settings/ci_cd" "Mozilla/5.0 (X11; Ubuntu; Linux x86_64; rv:109.0) Gecko/20100101 Firefox/118.0" -
172.18.0.1 - - [27/Oct/2023:15:11:01 +0000] "GET /users/sign_in HTTP/1.1" 200 4440 "http://localhost/" "Mozilla/5.0 (X11; Ubuntu; Linux x86_64; rv:109.0) Gecko/20100101 Firefox/118.0" 2.43
172.18.0.1 - - [27/Oct/2023:15:11:02 +0000] "GET /api/v4/projects/1/repository/branches?search=&per_page=20 HTTP/1.1" 200 348 "http://localhost/root/my_project/-/settings/ci_cd" "Mozilla/5.0 (X11; Ubuntu; Linux x86_64; rv:109.0) Gecko/20100101 Firefox/118.0" 2.12
172.18.0.1 - - [27/Oct/2023:15:11:02 +0000] "GET /api/v4/projects/1/repository/branches?search=&per_page=20 HTTP/1.1" 200 348 "http://localhost/root/my_project/-/settings/ci_cd" "Mozilla/5.0 (X11; Ubuntu; Linux x86_64; rv:109.0) Gecko/20100101 Firefox/118.0" 2.12
172.18.0.1 - - [27/Oct/2023:15:11:02 +0000] "GET /api/v4/projects/1/repository/branches?search=&per_page=20 HTTP/1.1" 304 0 "http://localhost/root/my_project/-/settings/ci_cd" "Mozilla/5.0 (X11; Ubuntu; Linux x86_64; rv:109.0) Gecko/20100101 Firefox/118.0" -
172.18.0.1 - - [27/Oct/2023:15:11:02 +0000] "GET /api/v4/projects/1/repository/tags?search=&per_page=20 HTTP/1.1" 200 2 "http://localhost/root/my_project/-/settings/ci_cd" "Mozilla/5.0 (X11; Ubuntu; Linux x86_64; rv:109.0) Gecko/20100101 Firefox/118.0" -
172.18.0.1 - - [27/Oct/2023:15:11:02 +0000] "GET /api/v4/projects/1/secure_files?per_page=20 HTTP/1.1" 304 0 "http://localhost/root/my_project/-/settings/ci_cd" "Mozilla/5.0 (X11; Ubuntu; Linux x86_64; rv:109.0) Gecko/20100101 Firefox/118.0" -
172.18.0.3 - - [27/Oct/2023:15:11:02 +0000] "POST /api/v4/jobs/request HTTP/1.1" 204 0 "" "gitlab-runner 16.5.0 (16-5-stable; go1.20.10; linux/amd64)" -
172.18.0.1 - - [27/Oct/2023:15:11:02 +0000] "POST /api/graphql HTTP/1.1" 200 161 "http://localhost/root/my_project/-/settings/ci_cd" "Mozilla/5.0 (X11; Ubuntu; Linux x86_64; rv:109.0) Gecko/20100101 Firefox/118.0" -
172.18.0.1 - - [27/Oct/2023:15:11:03 +0000] "POST /api/graphql HTTP/1.1" 200 215 "http://localhost/root/my_project/-/settings/ci_cd" "Mozilla/5.0 (X11; Ubuntu; Linux x86_64; rv:109.0) Gecko/20100101 Firefox/118.0" 1.98
172.18.0.3 - - [27/Oct/2023:15:11:03 +0000] "POST /api/v4/jobs/request HTTP/1.1" 204 0 "" "gitlab-runner 16.5.0 (16-5-stable; go1.20.10; linux/amd64)" -
172.18.0.3 - - [27/Oct/2023:15:11:05 +0000] "POST /api/v4/jobs/request HTTP/1.1" 204 0 "" "gitlab-runner 16.5.0 (16-5-stable; go1.20.10; linux/amd64)" -
172.18.0.3 - - [27/Oct/2023:15:11:06 +0000] "POST /api/v4/jobs/request HTTP/1.1" 204 0 "" "gitlab-runner 16.5.0 (16-5-stable; go1.20.10; linux/amd64)" -
172.18.0.3 - - [27/Oct/2023:15:11:08 +0000] "POST /api/v4/jobs/request HTTP/1.1" 204 0 "" "gitlab-runner 16.5.0 (16-5-stable; go1.20.10; linux/amd64)" -
172.18.0.3 - - [27/Oct/2023:15:11:09 +0000] "POST /api/v4/jobs/request HTTP/1.1" 204 0 "" "gitlab-runner 16.5.0 (16-5-stable; go1.20.10; linux/amd64)" -
172.18.0.3 - - [27/Oct/2023:15:11:11 +0000] "POST /api/v4/jobs/request HTTP/1.1" 204 0 "" "gitlab-runner 16.5.0 (16-5-stable; go1.20.10; linux/amd64)" -
172.18.0.3 - - [27/Oct/2023:15:11:12 +0000] "POST /api/v4/jobs/request HTTP/1.1" 204 0 "" "gitlab-runner 16.5.0 (16-5-stable; go1.20.10; linux/amd64)" -
172.18.0.3 - - [27/Oct/2023:15:11:14 +0000] "POST /api/v4/jobs/request HTTP/1.1" 204 0 "" "gitlab-runner 16.5.0 (16-5-stable; go1.20.10; linux/amd64)" -
172.18.0.3 - - [27/Oct/2023:15:11:15 +0000] "POST /api/v4/jobs/request HTTP/1.1" 204 0 "" "gitlab-runner 16.5.0 (16-5-stable; go1.20.10; linux/amd64)" -
172.18.0.3 - - [27/Oct/2023:15:11:17 +0000] "POST /api/v4/jobs/request HTTP/1.1" 204 0 "" "gitlab-runner 16.5.0 (16-5-stable; go1.20.10; linux/amd64)" -
172.18.0.3 - - [27/Oct/2023:15:11:18 +0000] "POST /api/v4/jobs/request HTTP/1.1" 204 0 "" "gitlab-runner 16.5.0 (16-5-stable; go1.20.10; linux/amd64)" -
172.18.0.3 - - [27/Oct/2023:15:11:20 +0000] "POST /api/v4/jobs/request HTTP/1.1" 204 0 "" "gitlab-runner 16.5.0 (16-5-stable; go1.20.10; linux/amd64)" -
172.18.0.3 - - [27/Oct/2023:15:11:21 +0000] "POST /api/v4/jobs/request HTTP/1.1" 204 0 "" "gitlab-runner 16.5.0 (16-5-stable; go1.20.10; linux/amd64)" -
172.18.0.3 - - [27/Oct/2023:15:11:23 +0000] "POST /api/v4/jobs/request HTTP/1.1" 204 0 "" "gitlab-runner 16.5.0 (16-5-stable; go1.20.10; linux/amd64)" -
172.18.0.3 - - [27/Oct/2023:15:11:24 +0000] "POST /api/v4/jobs/request HTTP/1.1" 204 0 "" "gitlab-runner 16.5.0 (16-5-stable; go1.20.10; linux/amd64)" -
172.18.0.3 - - [27/Oct/2023:15:11:26 +0000] "POST /api/v4/jobs/request HTTP/1.1" 204 0 "" "gitlab-runner 16.5.0 (16-5-stable; go1.20.10; linux/amd64)" -
172.18.0.3 - - [27/Oct/2023:15:11:27 +0000] "POST /api/v4/jobs/request HTTP/1.1" 204 0 "" "gitlab-runner 16.5.0 (16-5-stable; go1.20.10; linux/amd64)" -
172.18.0.3 - - [27/Oct/2023:15:11:29 +0000] "POST /api/v4/jobs/request HTTP/1.1" 204 0 "" "gitlab-runner 16.5.0 (16-5-stable; go1.20.10; linux/amd64)" -
172.18.0.3 - - [27/Oct/2023:15:11:30 +0000] "POST /api/v4/jobs/request HTTP/1.1" 204 0 "" "gitlab-runner 16.5.0 (16-5-stable; go1.20.10; linux/amd64)" -
172.18.0.3 - - [27/Oct/2023:15:11:32 +0000] "POST /api/v4/jobs/request HTTP/1.1" 204 0 "" "gitlab-runner 16.5.0 (16-5-stable; go1.20.10; linux/amd64)" -
172.18.0.3 - - [27/Oct/2023:15:11:33 +0000] "POST /api/v4/jobs/request HTTP/1.1" 204 0 "" "gitlab-runner 16.5.0 (16-5-stable; go1.20.10; linux/amd64)" -
172.18.0.3 - - [27/Oct/2023:15:11:35 +0000] "POST /api/v4/jobs/request HTTP/1.1" 204 0 "" "gitlab-runner 16.5.0 (16-5-stable; go1.20.10; linux/amd64)" -
172.18.0.3 - - [27/Oct/2023:15:11:36 +0000] "POST /api/v4/jobs/request HTTP/1.1" 204 0 "" "gitlab-runner 16.5.0 (16-5-stable; go1.20.10; linux/amd64)" -
172.18.0.3 - - [27/Oct/2023:15:11:38 +0000] "POST /api/v4/jobs/request HTTP/1.1" 204 0 "" "gitlab-runner 16.5.0 (16-5-stable; go1.20.10; linux/amd64)" -
172.18.0.3 - - [27/Oct/2023:15:11:39 +0000] "POST /api/v4/jobs/request HTTP/1.1" 204 0 "" "gitlab-runner 16.5.0 (16-5-stable; go1.20.10; linux/amd64)" -
172.18.0.3 - - [27/Oct/2023:15:11:41 +0000] "POST /api/v4/jobs/request HTTP/1.1" 204 0 "" "gitlab-runner 16.5.0 (16-5-stable; go1.20.10; linux/amd64)" -
172.18.0.3 - - [27/Oct/2023:15:11:42 +0000] "POST /api/v4/jobs/request HTTP/1.1" 204 0 "" "gitlab-runner 16.5.0 (16-5-stable; go1.20.10; linux/amd64)" -
172.18.0.3 - - [27/Oct/2023:15:11:44 +0000] "POST /api/v4/jobs/request HTTP/1.1" 204 0 "" "gitlab-runner 16.5.0 (16-5-stable; go1.20.10; linux/amd64)" -
172.18.0.3 - - [27/Oct/2023:15:11:45 +0000] "POST /api/v4/jobs/request HTTP/1.1" 204 0 "" "gitlab-runner 16.5.0 (16-5-stable; go1.20.10; linux/amd64)" -
172.18.0.3 - - [27/Oct/2023:15:11:47 +0000] "POST /api/v4/jobs/request HTTP/1.1" 204 0 "" "gitlab-runner 16.5.0 (16-5-stable; go1.20.10; linux/amd64)" -
172.18.0.3 - - [27/Oct/2023:15:11:48 +0000] "POST /api/v4/jobs/request HTTP/1.1" 204 0 "" "gitlab-runner 16.5.0 (16-5-stable; go1.20.10; linux/amd64)" -
172.18.0.3 - - [27/Oct/2023:15:11:50 +0000] "POST /api/v4/jobs/request HTTP/1.1" 204 0 "" "gitlab-runner 16.5.0 (16-5-stable; go1.20.10; linux/amd64)" -
172.18.0.3 - - [27/Oct/2023:15:11:51 +0000] "POST /api/v4/jobs/request HTTP/1.1" 204 0 "" "gitlab-runner 16.5.0 (16-5-stable; go1.20.10; linux/amd64)" -
127.0.0.1 - - [27/Oct/2023:15:11:52 +0000] "GET /help HTTP/1.1" 200 36850 "" "curl/8.4.0-DEV" -
172.18.0.3 - - [27/Oct/2023:15:11:53 +0000] "POST /api/v4/jobs/request HTTP/1.1" 204 0 "" "gitlab-runner 16.5.0 (16-5-stable; go1.20.10; linux/amd64)" -
172.18.0.3 - - [27/Oct/2023:15:11:54 +0000] "POST /api/v4/jobs/request HTTP/1.1" 204 0 "" "gitlab-runner 16.5.0 (16-5-stable; go1.20.10; linux/amd64)" -
172.18.0.3 - - [27/Oct/2023:15:11:56 +0000] "POST /api/v4/jobs/request HTTP/1.1" 204 0 "" "gitlab-runner 16.5.0 (16-5-stable; go1.20.10; linux/amd64)" -
172.18.0.3 - - [27/Oct/2023:15:11:57 +0000] "POST /api/v4/jobs/request HTTP/1.1" 204 0 "" "gitlab-runner 16.5.0 (16-5-stable; go1.20.10; linux/amd64)" -
172.18.0.3 - - [27/Oct/2023:15:11:59 +0000] "POST /api/v4/jobs/request HTTP/1.1" 204 0 "" "gitlab-runner 16.5.0 (16-5-stable; go1.20.10; linux/amd64)" -
172.18.0.3 - - [27/Oct/2023:15:12:00 +0000] "POST /api/v4/jobs/request HTTP/1.1" 204 0 "" "gitlab-runner 16.5.0 (16-5-stable; go1.20.10; linux/amd64)" -
172.18.0.3 - - [27/Oct/2023:15:12:02 +0000] "POST /api/v4/jobs/request HTTP/1.1" 204 0 "" "gitlab-runner 16.5.0 (16-5-stable; go1.20.10; linux/amd64)" -
172.18.0.3 - - [27/Oct/2023:15:12:03 +0000] "POST /api/v4/jobs/request HTTP/1.1" 204 0 "" "gitlab-runner 16.5.0 (16-5-stable; go1.20.10; linux/amd64)" -
172.18.0.3 - - [27/Oct/2023:15:12:05 +0000] "POST /api/v4/jobs/request HTTP/1.1" 204 0 "" "gitlab-runner 16.5.0 (16-5-stable; go1.20.10; linux/amd64)" -
172.18.0.3 - - [27/Oct/2023:15:12:06 +0000] "POST /api/v4/jobs/request HTTP/1.1" 204 0 "" "gitlab-runner 16.5.0 (16-5-stable; go1.20.10; linux/amd64)" -
172.18.0.3 - - [27/Oct/2023:15:12:08 +0000] "POST /api/v4/jobs/request HTTP/1.1" 204 0 "" "gitlab-runner 16.5.0 (16-5-stable; go1.20.10; linux/amd64)" -
172.18.0.3 - - [27/Oct/2023:15:12:09 +0000] "POST /api/v4/jobs/request HTTP/1.1" 204 0 "" "gitlab-runner 16.5.0 (16-5-stable; go1.20.10; linux/amd64)" -
172.18.0.3 - - [27/Oct/2023:15:12:11 +0000] "POST /api/v4/jobs/request HTTP/1.1" 204 0 "" "gitlab-runner 16.5.0 (16-5-stable; go1.20.10; linux/amd64)" -
172.18.0.3 - - [27/Oct/2023:15:12:12 +0000] "POST /api/v4/jobs/request HTTP/1.1" 204 0 "" "gitlab-runner 16.5.0 (16-5-stable; go1.20.10; linux/amd64)" -
172.18.0.3 - - [27/Oct/2023:15:12:14 +0000] "POST /api/v4/jobs/request HTTP/1.1" 204 0 "" "gitlab-runner 16.5.0 (16-5-stable; go1.20.10; linux/amd64)" -
172.18.0.3 - - [27/Oct/2023:15:12:15 +0000] "POST /api/v4/jobs/request HTTP/1.1" 204 0 "" "gitlab-runner 16.5.0 (16-5-stable; go1.20.10; linux/amd64)" -
172.18.0.3 - - [27/Oct/2023:15:12:17 +0000] "POST /api/v4/jobs/request HTTP/1.1" 204 0 "" "gitlab-runner 16.5.0 (16-5-stable; go1.20.10; linux/amd64)" -
172.18.0.3 - - [27/Oct/2023:15:12:18 +0000] "POST /api/v4/jobs/request HTTP/1.1" 204 0 "" "gitlab-runner 16.5.0 (16-5-stable; go1.20.10; linux/amd64)" -
172.18.0.3 - - [27/Oct/2023:15:12:20 +0000] "POST /api/v4/jobs/request HTTP/1.1" 204 0 "" "gitlab-runner 16.5.0 (16-5-stable; go1.20.10; linux/amd64)" -
172.18.0.3 - - [27/Oct/2023:15:12:21 +0000] "POST /api/v4/jobs/request HTTP/1.1" 204 0 "" "gitlab-runner 16.5.0 (16-5-stable; go1.20.10; linux/amd64)" -
172.18.0.3 - - [27/Oct/2023:15:12:23 +0000] "POST /api/v4/jobs/request HTTP/1.1" 204 0 "" "gitlab-runner 16.5.0 (16-5-stable; go1.20.10; linux/amd64)" -
172.18.0.3 - - [27/Oct/2023:15:12:24 +0000] "POST /api/v4/jobs/request HTTP/1.1" 204 0 "" "gitlab-runner 16.5.0 (16-5-stable; go1.20.10; linux/amd64)" -
172.18.0.3 - - [27/Oct/2023:15:12:26 +0000] "POST /api/v4/jobs/request HTTP/1.1" 204 0 "" "gitlab-runner 16.5.0 (16-5-stable; go1.20.10; linux/amd64)" -
172.18.0.3 - - [27/Oct/2023:15:12:27 +0000] "POST /api/v4/jobs/request HTTP/1.1" 204 0 "" "gitlab-runner 16.5.0 (16-5-stable; go1.20.10; linux/amd64)" -
172.18.0.3 - - [27/Oct/2023:15:12:29 +0000] "POST /api/v4/jobs/request HTTP/1.1" 204 0 "" "gitlab-runner 16.5.0 (16-5-stable; go1.20.10; linux/amd64)" -
172.18.0.3 - - [27/Oct/2023:15:12:30 +0000] "POST /api/v4/jobs/request HTTP/1.1" 204 0 "" "gitlab-runner 16.5.0 (16-5-stable; go1.20.10; linux/amd64)" -
172.18.0.3 - - [27/Oct/2023:15:12:32 +0000] "POST /api/v4/jobs/request HTTP/1.1" 204 0 "" "gitlab-runner 16.5.0 (16-5-stable; go1.20.10; linux/amd64)" -
172.18.0.3 - - [27/Oct/2023:15:12:33 +0000] "POST /api/v4/jobs/request HTTP/1.1" 204 0 "" "gitlab-runner 16.5.0 (16-5-stable; go1.20.10; linux/amd64)" -
172.18.0.3 - - [27/Oct/2023:15:12:35 +0000] "POST /api/v4/jobs/request HTTP/1.1" 204 0 "" "gitlab-runner 16.5.0 (16-5-stable; go1.20.10; linux/amd64)" -
172.18.0.3 - - [27/Oct/2023:15:12:36 +0000] "POST /api/v4/jobs/request HTTP/1.1" 204 0 "" "gitlab-runner 16.5.0 (16-5-stable; go1.20.10; linux/amd64)" -
172.18.0.3 - - [27/Oct/2023:15:12:38 +0000] "POST /api/v4/jobs/request HTTP/1.1" 204 0 "" "gitlab-runner 16.5.0 (16-5-stable; go1.20.10; linux/amd64)" -
172.18.0.3 - - [27/Oct/2023:15:12:39 +0000] "POST /api/v4/jobs/request HTTP/1.1" 204 0 "" "gitlab-runner 16.5.0 (16-5-stable; go1.20.10; linux/amd64)" -
172.18.0.3 - - [27/Oct/2023:15:12:41 +0000] "POST /api/v4/jobs/request HTTP/1.1" 204 0 "" "gitlab-runner 16.5.0 (16-5-stable; go1.20.10; linux/amd64)" -
172.18.0.3 - - [27/Oct/2023:15:12:42 +0000] "POST /api/v4/jobs/request HTTP/1.1" 204 0 "" "gitlab-runner 16.5.0 (16-5-stable; go1.20.10; linux/amd64)" -
172.18.0.3 - - [27/Oct/2023:15:12:44 +0000] "POST /api/v4/jobs/request HTTP/1.1" 204 0 "" "gitlab-runner 16.5.0 (16-5-stable; go1.20.10; linux/amd64)" -
172.18.0.3 - - [27/Oct/2023:15:12:45 +0000] "POST /api/v4/jobs/request HTTP/1.1" 204 0 "" "gitlab-runner 16.5.0 (16-5-stable; go1.20.10; linux/amd64)" -
172.18.0.3 - - [27/Oct/2023:15:12:47 +0000] "POST /api/v4/jobs/request HTTP/1.1" 204 0 "" "gitlab-runner 16.5.0 (16-5-stable; go1.20.10; linux/amd64)" -
172.18.0.3 - - [27/Oct/2023:15:12:48 +0000] "POST /api/v4/jobs/request HTTP/1.1" 204 0 "" "gitlab-runner 16.5.0 (16-5-stable; go1.20.10; linux/amd64)" -
172.18.0.3 - - [27/Oct/2023:15:12:50 +0000] "POST /api/v4/jobs/request HTTP/1.1" 204 0 "" "gitlab-runner 16.5.0 (16-5-stable; go1.20.10; linux/amd64)" -
172.18.0.3 - - [27/Oct/2023:15:12:51 +0000] "POST /api/v4/jobs/request HTTP/1.1" 204 0 "" "gitlab-runner 16.5.0 (16-5-stable; go1.20.10; linux/amd64)" -
127.0.0.1 - - [27/Oct/2023:15:12:52 +0000] "GET /help HTTP/1.1" 200 36850 "" "curl/8.4.0-DEV" -
172.18.0.3 - - [27/Oct/2023:15:12:53 +0000] "POST /api/v4/jobs/request HTTP/1.1" 204 0 "" "gitlab-runner 16.5.0 (16-5-stable; go1.20.10; linux/amd64)" -
172.18.0.3 - - [27/Oct/2023:15:12:54 +0000] "POST /api/v4/jobs/request HTTP/1.1" 204 0 "" "gitlab-runner 16.5.0 (16-5-stable; go1.20.10; linux/amd64)" -
172.18.0.3 - - [27/Oct/2023:15:12:56 +0000] "POST /api/v4/jobs/request HTTP/1.1" 204 0 "" "gitlab-runner 16.5.0 (16-5-stable; go1.20.10; linux/amd64)" -
172.18.0.3 - - [27/Oct/2023:15:12:58 +0000] "POST /api/v4/jobs/request HTTP/1.1" 204 0 "" "gitlab-runner 16.5.0 (16-5-stable; go1.20.10; linux/amd64)" -
172.18.0.3 - - [27/Oct/2023:15:12:59 +0000] "POST /api/v4/jobs/request HTTP/1.1" 204 0 "" "gitlab-runner 16.5.0 (16-5-stable; go1.20.10; linux/amd64)" -
172.18.0.3 - - [27/Oct/2023:15:13:01 +0000] "POST /api/v4/jobs/request HTTP/1.1" 204 0 "" "gitlab-runner 16.5.0 (16-5-stable; go1.20.10; linux/amd64)" -
172.18.0.3 - - [27/Oct/2023:15:13:02 +0000] "POST /api/v4/jobs/request HTTP/1.1" 204 0 "" "gitlab-runner 16.5.0 (16-5-stable; go1.20.10; linux/amd64)" -
172.18.0.3 - - [27/Oct/2023:15:13:04 +0000] "POST /api/v4/jobs/request HTTP/1.1" 204 0 "" "gitlab-runner 16.5.0 (16-5-stable; go1.20.10; linux/amd64)" -
172.18.0.3 - - [27/Oct/2023:15:13:05 +0000] "POST /api/v4/jobs/request HTTP/1.1" 204 0 "" "gitlab-runner 16.5.0 (16-5-stable; go1.20.10; linux/amd64)" -
172.18.0.3 - - [27/Oct/2023:15:13:07 +0000] "POST /api/v4/jobs/request HTTP/1.1" 204 0 "" "gitlab-runner 16.5.0 (16-5-stable; go1.20.10; linux/amd64)" -
172.18.0.3 - - [27/Oct/2023:15:13:08 +0000] "POST /api/v4/jobs/request HTTP/1.1" 204 0 "" "gitlab-runner 16.5.0 (16-5-stable; go1.20.10; linux/amd64)" -
172.18.0.3 - - [27/Oct/2023:15:13:10 +0000] "POST /api/v4/jobs/request HTTP/1.1" 204 0 "" "gitlab-runner 16.5.0 (16-5-stable; go1.20.10; linux/amd64)" -
172.18.0.3 - - [27/Oct/2023:15:13:11 +0000] "POST /api/v4/jobs/request HTTP/1.1" 204 0 "" "gitlab-runner 16.5.0 (16-5-stable; go1.20.10; linux/amd64)" -
172.18.0.3 - - [27/Oct/2023:15:13:13 +0000] "POST /api/v4/jobs/request HTTP/1.1" 204 0 "" "gitlab-runner 16.5.0 (16-5-stable; go1.20.10; linux/amd64)" -
172.18.0.3 - - [27/Oct/2023:15:13:14 +0000] "POST /api/v4/jobs/request HTTP/1.1" 204 0 "" "gitlab-runner 16.5.0 (16-5-stable; go1.20.10; linux/amd64)" -
172.18.0.3 - - [27/Oct/2023:15:13:16 +0000] "POST /api/v4/jobs/request HTTP/1.1" 204 0 "" "gitlab-runner 16.5.0 (16-5-stable; go1.20.10; linux/amd64)" -
172.18.0.3 - - [27/Oct/2023:15:13:17 +0000] "POST /api/v4/jobs/request HTTP/1.1" 204 0 "" "gitlab-runner 16.5.0 (16-5-stable; go1.20.10; linux/amd64)" -
172.18.0.3 - - [27/Oct/2023:15:13:19 +0000] "POST /api/v4/jobs/request HTTP/1.1" 204 0 "" "gitlab-runner 16.5.0 (16-5-stable; go1.20.10; linux/amd64)" -
172.18.0.3 - - [27/Oct/2023:15:13:20 +0000] "POST /api/v4/jobs/request HTTP/1.1" 204 0 "" "gitlab-runner 16.5.0 (16-5-stable; go1.20.10; linux/amd64)" -
172.18.0.3 - - [27/Oct/2023:15:13:22 +0000] "POST /api/v4/jobs/request HTTP/1.1" 204 0 "" "gitlab-runner 16.5.0 (16-5-stable; go1.20.10; linux/amd64)" -
172.18.0.3 - - [27/Oct/2023:15:13:23 +0000] "POST /api/v4/jobs/request HTTP/1.1" 204 0 "" "gitlab-runner 16.5.0 (16-5-stable; go1.20.10; linux/amd64)" -
172.18.0.3 - - [27/Oct/2023:15:13:25 +0000] "POST /api/v4/jobs/request HTTP/1.1" 204 0 "" "gitlab-runner 16.5.0 (16-5-stable; go1.20.10; linux/amd64)" -
172.18.0.3 - - [27/Oct/2023:15:13:26 +0000] "POST /api/v4/jobs/request HTTP/1.1" 204 0 "" "gitlab-runner 16.5.0 (16-5-stable; go1.20.10; linux/amd64)" -
172.18.0.3 - - [27/Oct/2023:15:13:28 +0000] "POST /api/v4/jobs/request HTTP/1.1" 204 0 "" "gitlab-runner 16.5.0 (16-5-stable; go1.20.10; linux/amd64)" -
172.18.0.3 - - [27/Oct/2023:15:13:29 +0000] "POST /api/v4/jobs/request HTTP/1.1" 204 0 "" "gitlab-runner 16.5.0 (16-5-stable; go1.20.10; linux/amd64)" -
172.18.0.3 - - [27/Oct/2023:15:13:31 +0000] "POST /api/v4/jobs/request HTTP/1.1" 204 0 "" "gitlab-runner 16.5.0 (16-5-stable; go1.20.10; linux/amd64)" -
172.18.0.3 - - [27/Oct/2023:15:13:32 +0000] "POST /api/v4/jobs/request HTTP/1.1" 204 0 "" "gitlab-runner 16.5.0 (16-5-stable; go1.20.10; linux/amd64)" -
172.18.0.3 - - [27/Oct/2023:15:13:34 +0000] "POST /api/v4/jobs/request HTTP/1.1" 204 0 "" "gitlab-runner 16.5.0 (16-5-stable; go1.20.10; linux/amd64)" -
172.18.0.3 - - [27/Oct/2023:15:13:35 +0000] "POST /api/v4/jobs/request HTTP/1.1" 204 0 "" "gitlab-runner 16.5.0 (16-5-stable; go1.20.10; linux/amd64)" -
172.18.0.3 - - [27/Oct/2023:15:13:37 +0000] "POST /api/v4/jobs/request HTTP/1.1" 204 0 "" "gitlab-runner 16.5.0 (16-5-stable; go1.20.10; linux/amd64)" -
172.18.0.3 - - [27/Oct/2023:15:13:38 +0000] "POST /api/v4/jobs/request HTTP/1.1" 204 0 "" "gitlab-runner 16.5.0 (16-5-stable; go1.20.10; linux/amd64)" -
172.18.0.3 - - [27/Oct/2023:15:13:40 +0000] "POST /api/v4/jobs/request HTTP/1.1" 204 0 "" "gitlab-runner 16.5.0 (16-5-stable; go1.20.10; linux/amd64)" -
172.18.0.3 - - [27/Oct/2023:15:13:41 +0000] "POST /api/v4/jobs/request HTTP/1.1" 204 0 "" "gitlab-runner 16.5.0 (16-5-stable; go1.20.10; linux/amd64)" -
172.18.0.1 - - [27/Oct/2023:15:13:41 +0000] "GET /root/my_project/-/jobs/3.json HTTP/1.1" 200 1659 "http://localhost/root/my_project/-/jobs/3" "Mozilla/5.0 (X11; Ubuntu; Linux x86_64; rv:109.0) Gecko/20100101 Firefox/118.0" 3.62
172.18.0.1 - - [27/Oct/2023:15:13:42 +0000] "GET /root/my_project/-/jobs/3/trace.json?state=eyJvZmZzZXQiOjY1Niwic3R5bGUiOnsiZmciOm51bGwsImJnIjpudWxsLCJtYXNrIjowfSwib3Blbl9zZWN0aW9ucyI6e319--de82dc221282815219f8a6622796a55b7b77ecd0d91007df29f94177333b47e2 HTTP/1.1" 304 0 "http://localhost/root/my_project/-/jobs/3" "Mozilla/5.0 (X11; Ubuntu; Linux x86_64; rv:109.0) Gecko/20100101 Firefox/118.0" -
172.18.0.3 - - [27/Oct/2023:15:13:43 +0000] "POST /api/v4/jobs/request HTTP/1.1" 204 0 "" "gitlab-runner 16.5.0 (16-5-stable; go1.20.10; linux/amd64)" -
172.18.0.3 - - [27/Oct/2023:15:13:44 +0000] "POST /api/v4/jobs/request HTTP/1.1" 204 0 "" "gitlab-runner 16.5.0 (16-5-stable; go1.20.10; linux/amd64)" -
172.18.0.3 - - [27/Oct/2023:15:13:46 +0000] "POST /api/v4/jobs/request HTTP/1.1" 204 0 "" "gitlab-runner 16.5.0 (16-5-stable; go1.20.10; linux/amd64)" -
172.18.0.3 - - [27/Oct/2023:15:13:47 +0000] "POST /api/v4/jobs/request HTTP/1.1" 204 0 "" "gitlab-runner 16.5.0 (16-5-stable; go1.20.10; linux/amd64)" -
172.18.0.1 - - [27/Oct/2023:15:13:48 +0000] "GET /root/my_project/-/jobs/2 HTTP/1.1" 200 9491 "http://localhost/root/my_project/-/jobs/3" "Mozilla/5.0 (X11; Ubuntu; Linux x86_64; rv:109.0) Gecko/20100101 Firefox/118.0" 4.48
172.18.0.1 - - [27/Oct/2023:15:13:49 +0000] "GET /assets/icons-3591e1b0dc5b9091969f4b703f7bdaffa0ca7b2c7953b0f3a7e7dc1e71c3e43d.svg HTTP/1.1" 200 45031 "http://localhost/root/my_project/-/jobs/2" "Mozilla/5.0 (X11; Ubuntu; Linux x86_64; rv:109.0) Gecko/20100101 Firefox/118.0" -
172.18.0.3 - - [27/Oct/2023:15:13:49 +0000] "POST /api/v4/jobs/request HTTP/1.1" 204 0 "" "gitlab-runner 16.5.0 (16-5-stable; go1.20.10; linux/amd64)" -
172.18.0.1 - - [27/Oct/2023:15:13:50 +0000] "POST /-/track_namespace_visits HTTP/1.1" 200 0 "http://localhost/root/my_project/-/jobs/2" "Mozilla/5.0 (X11; Ubuntu; Linux x86_64; rv:109.0) Gecko/20100101 Firefox/118.0" -
172.18.0.1 - - [27/Oct/2023:15:13:50 +0000] "GET /root/my_project/-/jobs/2.json HTTP/1.1" 200 1741 "http://localhost/root/my_project/-/jobs/2" "Mozilla/5.0 (X11; Ubuntu; Linux x86_64; rv:109.0) Gecko/20100101 Firefox/118.0" 3.35
172.18.0.3 - - [27/Oct/2023:15:13:50 +0000] "POST /api/v4/jobs/request HTTP/1.1" 204 0 "" "gitlab-runner 16.5.0 (16-5-stable; go1.20.10; linux/amd64)" -
172.18.0.1 - - [27/Oct/2023:15:13:51 +0000] "POST /api/graphql HTTP/1.1" 200 176 "http://localhost/root/my_project/-/jobs/2" "Mozilla/5.0 (X11; Ubuntu; Linux x86_64; rv:109.0) Gecko/20100101 Firefox/118.0" 1.52
172.18.0.1 - - [27/Oct/2023:15:13:51 +0000] "GET /root/my_project/-/pipelines/1/stage.json?stage=build&retried=1 HTTP/1.1" 200 908 "http://localhost/root/my_project/-/jobs/2" "Mozilla/5.0 (X11; Ubuntu; Linux x86_64; rv:109.0) Gecko/20100101 Firefox/118.0" 3.97
172.18.0.1 - - [27/Oct/2023:15:13:51 +0000] "GET /root/my_project/-/jobs/2/trace.json HTTP/1.1" 304 0 "http://localhost/root/my_project/-/jobs/2" "Mozilla/5.0 (X11; Ubuntu; Linux x86_64; rv:109.0) Gecko/20100101 Firefox/118.0" -
172.18.0.3 - - [27/Oct/2023:15:13:52 +0000] "POST /api/v4/jobs/request HTTP/1.1" 204 0 "" "gitlab-runner 16.5.0 (16-5-stable; go1.20.10; linux/amd64)" -
127.0.0.1 - - [27/Oct/2023:15:13:53 +0000] "GET /help HTTP/1.1" 200 36850 "" "curl/8.4.0-DEV" -
172.18.0.1 - - [27/Oct/2023:15:13:53 +0000] "GET /root/my_project/-/jobs/2 HTTP/1.1" 200 9489 "http://localhost/root/my_project/-/jobs/2" "Mozilla/5.0 (X11; Ubuntu; Linux x86_64; rv:109.0) Gecko/20100101 Firefox/118.0" 4.48
172.18.0.1 - - [27/Oct/2023:15:13:53 +0000] "GET /assets/icons-3591e1b0dc5b9091969f4b703f7bdaffa0ca7b2c7953b0f3a7e7dc1e71c3e43d.svg HTTP/1.1" 200 45031 "http://localhost/root/my_project/-/jobs/2" "Mozilla/5.0 (X11; Ubuntu; Linux x86_64; rv:109.0) Gecko/20100101 Firefox/118.0" -
172.18.0.3 - - [27/Oct/2023:15:13:53 +0000] "POST /api/v4/jobs/request HTTP/1.1" 204 0 "" "gitlab-runner 16.5.0 (16-5-stable; go1.20.10; linux/amd64)" -
172.18.0.1 - - [27/Oct/2023:15:13:54 +0000] "GET /assets/apple-touch-icon-b049d4bc0dd9626f31db825d61880737befc7835982586d015bded10b4435460.png HTTP/1.1" 200 7455 "http://localhost/root/my_project/-/jobs/2" "Mozilla/5.0 (X11; Ubuntu; Linux x86_64; rv:109.0) Gecko/20100101 Firefox/118.0" -
172.18.0.1 - - [27/Oct/2023:15:13:54 +0000] "GET /assets/favicon-72a2cad5025aa931d6ea56c3201d1f18e68a8cd39788c7c80d5b2b82aa5143ef.png HTTP/1.1" 200 591 "http://localhost/root/my_project/-/jobs/2" "Mozilla/5.0 (X11; Ubuntu; Linux x86_64; rv:109.0) Gecko/20100101 Firefox/118.0" -
172.18.0.3 - - [27/Oct/2023:15:13:55 +0000] "POST /api/v4/jobs/request HTTP/1.1" 204 0 "" "gitlab-runner 16.5.0 (16-5-stable; go1.20.10; linux/amd64)" -
172.18.0.1 - - [27/Oct/2023:15:13:55 +0000] "GET /root/my_project/-/jobs/2.json HTTP/1.1" 304 0 "http://localhost/root/my_project/-/jobs/2" "Mozilla/5.0 (X11; Ubuntu; Linux x86_64; rv:109.0) Gecko/20100101 Firefox/118.0" -
172.18.0.1 - - [27/Oct/2023:15:13:56 +0000] "POST /api/graphql HTTP/1.1" 200 176 "http://localhost/root/my_project/-/jobs/2" "Mozilla/5.0 (X11; Ubuntu; Linux x86_64; rv:109.0) Gecko/20100101 Firefox/118.0" 1.52
172.18.0.1 - - [27/Oct/2023:15:13:56 +0000] "GET /root/my_project/-/jobs/2/trace.json HTTP/1.1" 304 0 "http://localhost/root/my_project/-/jobs/2" "Mozilla/5.0 (X11; Ubuntu; Linux x86_64; rv:109.0) Gecko/20100101 Firefox/118.0" -
172.18.0.1 - - [27/Oct/2023:15:13:56 +0000] "GET /root/my_project/-/pipelines/1/stage.json?stage=build&retried=1 HTTP/1.1" 200 909 "http://localhost/root/my_project/-/jobs/2" "Mozilla/5.0 (X11; Ubuntu; Linux x86_64; rv:109.0) Gecko/20100101 Firefox/118.0" 3.96
172.18.0.3 - - [27/Oct/2023:15:13:56 +0000] "POST /api/v4/jobs/request HTTP/1.1" 204 0 "" "gitlab-runner 16.5.0 (16-5-stable; go1.20.10; linux/amd64)" -
172.18.0.3 - - [27/Oct/2023:15:13:58 +0000] "POST /api/v4/jobs/request HTTP/1.1" 204 0 "" "gitlab-runner 16.5.0 (16-5-stable; go1.20.10; linux/amd64)" -
172.18.0.1 - - [27/Oct/2023:15:13:59 +0000] "GET /root/my_project/-/pipelines HTTP/1.1" 200 12275 "http://localhost/root/my_project/-/jobs/2" "Mozilla/5.0 (X11; Ubuntu; Linux x86_64; rv:109.0) Gecko/20100101 Firefox/118.0" 4.18
172.18.0.3 - - [27/Oct/2023:15:13:59 +0000] "POST /api/v4/jobs/request HTTP/1.1" 204 0 "" "gitlab-runner 16.5.0 (16-5-stable; go1.20.10; linux/amd64)" -
172.18.0.1 - - [27/Oct/2023:15:14:00 +0000] "GET /root/my_project/-/pipelines.json HTTP/1.1" 200 1414 "http://localhost/root/my_project/-/pipelines" "Mozilla/5.0 (X11; Ubuntu; Linux x86_64; rv:109.0) Gecko/20100101 Firefox/118.0" 2.91
172.18.0.3 - - [27/Oct/2023:15:14:01 +0000] "POST /api/v4/jobs/request HTTP/1.1" 204 0 "" "gitlab-runner 16.5.0 (16-5-stable; go1.20.10; linux/amd64)" -
172.18.0.1 - - [27/Oct/2023:15:14:01 +0000] "GET /root/my_project/-/pipelines.json?scope=all&page=1 HTTP/1.1" 200 1414 "http://localhost/root/my_project/-/pipelines" "Mozilla/5.0 (X11; Ubuntu; Linux x86_64; rv:109.0) Gecko/20100101 Firefox/118.0" 2.91
172.18.0.3 - - [27/Oct/2023:15:14:02 +0000] "POST /api/v4/jobs/request HTTP/1.1" 204 0 "" "gitlab-runner 16.5.0 (16-5-stable; go1.20.10; linux/amd64)" -
172.18.0.3 - - [27/Oct/2023:15:14:04 +0000] "POST /api/v4/jobs/request HTTP/1.1" 204 0 "" "gitlab-runner 16.5.0 (16-5-stable; go1.20.10; linux/amd64)" -
172.18.0.3 - - [27/Oct/2023:15:14:05 +0000] "POST /api/v4/jobs/request HTTP/1.1" 204 0 "" "gitlab-runner 16.5.0 (16-5-stable; go1.20.10; linux/amd64)" -
172.18.0.1 - - [27/Oct/2023:15:14:07 +0000] "GET /root/my_project/-/pipelines.json?scope=all&page=1 HTTP/1.1" 304 0 "http://localhost/root/my_project/-/pipelines" "Mozilla/5.0 (X11; Ubuntu; Linux x86_64; rv:109.0) Gecko/20100101 Firefox/118.0" -
172.18.0.1 - - [27/Oct/2023:15:14:07 +0000] "GET /root/my_project/-/pipelines/1/stage.json?stage=build HTTP/1.1" 200 686 "http://localhost/root/my_project/-/pipelines" "Mozilla/5.0 (X11; Ubuntu; Linux x86_64; rv:109.0) Gecko/20100101 Firefox/118.0" 2.40
172.18.0.3 - - [27/Oct/2023:15:14:07 +0000] "POST /api/v4/jobs/request HTTP/1.1" 204 0 "" "gitlab-runner 16.5.0 (16-5-stable; go1.20.10; linux/amd64)" -
172.18.0.3 - - [27/Oct/2023:15:14:08 +0000] "POST /api/v4/jobs/request HTTP/1.1" 204 0 "" "gitlab-runner 16.5.0 (16-5-stable; go1.20.10; linux/amd64)" -
172.18.0.3 - - [27/Oct/2023:15:14:10 +0000] "POST /api/v4/jobs/request HTTP/1.1" 204 0 "" "gitlab-runner 16.5.0 (16-5-stable; go1.20.10; linux/amd64)" -
172.18.0.1 - - [27/Oct/2023:15:14:11 +0000] "POST /root/my_project/-/jobs/3/retry.json HTTP/1.1" 302 107 "http://localhost/root/my_project/-/pipelines" "Mozilla/5.0 (X11; Ubuntu; Linux x86_64; rv:109.0) Gecko/20100101 Firefox/118.0" -
172.18.0.1 - - [27/Oct/2023:15:14:12 +0000] "GET /root/my_project/-/jobs/4 HTTP/1.1" 200 1576 "http://localhost/root/my_project/-/pipelines" "Mozilla/5.0 (X11; Ubuntu; Linux x86_64; rv:109.0) Gecko/20100101 Firefox/118.0" 2.86
172.18.0.3 - - [27/Oct/2023:15:14:12 +0000] "POST /api/v4/jobs/request HTTP/1.1" 201 12132 "" "gitlab-runner 16.5.0 (16-5-stable; go1.20.10; linux/amd64)" -
172.18.0.3 - - [27/Oct/2023:15:14:14 +0000] "POST /api/v4/jobs/request HTTP/1.1" 204 0 "" "gitlab-runner 16.5.0 (16-5-stable; go1.20.10; linux/amd64)" -
172.18.0.3 - - [27/Oct/2023:15:14:16 +0000] "POST /api/v4/jobs/request HTTP/1.1" 204 0 "" "gitlab-runner 16.5.0 (16-5-stable; go1.20.10; linux/amd64)" -
172.18.0.3 - - [27/Oct/2023:15:14:17 +0000] "PATCH /api/v4/jobs/4/trace?debug_trace=false HTTP/1.1" 202 2 "" "gitlab-runner 16.5.0 (16-5-stable; go1.20.10; linux/amd64)" -
172.18.0.3 - - [27/Oct/2023:15:14:19 +0000] "POST /api/v4/jobs/request HTTP/1.1" 204 0 "" "gitlab-runner 16.5.0 (16-5-stable; go1.20.10; linux/amd64)" -
172.18.0.1 - - [27/Oct/2023:15:14:19 +0000] "GET /root/my_project/-/pipelines.json?scope=all&page=1 HTTP/1.1" 200 1061 "http://localhost/root/my_project/-/pipelines" "Mozilla/5.0 (X11; Ubuntu; Linux x86_64; rv:109.0) Gecko/20100101 Firefox/118.0" 2.81
172.18.0.1 - - [27/Oct/2023:15:14:20 +0000] "GET /root/my_project/-/commit/1235c51336e546c5e76ab39f183d13b7263d5e1c HTTP/1.1" 200 15675 "http://localhost/root/my_project/-/pipelines" "Mozilla/5.0 (X11; Ubuntu; Linux x86_64; rv:109.0) Gecko/20100101 Firefox/118.0" 5.13
172.18.0.1 - - [27/Oct/2023:15:14:20 +0000] "GET /assets/webpack/commons-pages.admin.topics.edit-pages.admin.topics.new-pages.groups.milestones.edit-pages.groups.mil-95a53425.b88e957c.chunk.js HTTP/1.1" 200 14454 "http://localhost/root/my_project/-/commit/1235c51336e546c5e76ab39f183d13b7263d5e1c" "Mozilla/5.0 (X11; Ubuntu; Linux x86_64; rv:109.0) Gecko/20100101 Firefox/118.0" -
172.18.0.1 - - [27/Oct/2023:15:14:20 +0000] "GET /assets/webpack/commons-pages.admin.topics.edit-pages.admin.topics.new-pages.groups.issues-pages.groups.milestones.e-fdeefff1.5f8190d3.chunk.js HTTP/1.1" 200 7422 "http://localhost/root/my_project/-/commit/1235c51336e546c5e76ab39f183d13b7263d5e1c" "Mozilla/5.0 (X11; Ubuntu; Linux x86_64; rv:109.0) Gecko/20100101 Firefox/118.0" -
172.18.0.1 - - [27/Oct/2023:15:14:20 +0000] "GET /assets/webpack/commons-pages.groups.milestones.edit-pages.groups.milestones.new-pages.groups.milestones.show-pages.-1ad14678.2316f3cc.chunk.js HTTP/1.1" 200 12839 "http://localhost/root/my_project/-/commit/1235c51336e546c5e76ab39f183d13b7263d5e1c" "Mozilla/5.0 (X11; Ubuntu; Linux x86_64; rv:109.0) Gecko/20100101 Firefox/118.0" -
172.18.0.1 - - [27/Oct/2023:15:14:21 +0000] "GET /assets/webpack/112.669a0274.chunk.js HTTP/1.1" 200 5840 "http://localhost/root/my_project/-/commit/1235c51336e546c5e76ab39f183d13b7263d5e1c" "Mozilla/5.0 (X11; Ubuntu; Linux x86_64; rv:109.0) Gecko/20100101 Firefox/118.0" -
172.18.0.1 - - [27/Oct/2023:15:14:21 +0000] "GET /assets/webpack/commons-pages.projects.commit.show-pages.projects.merge_requests.creations-pages.projects.snippets.s-9163432c.e92752d5.chunk.js HTTP/1.1" 200 8416 "http://localhost/root/my_project/-/commit/1235c51336e546c5e76ab39f183d13b7263d5e1c" "Mozilla/5.0 (X11; Ubuntu; Linux x86_64; rv:109.0) Gecko/20100101 Firefox/118.0" -
172.18.0.1 - - [27/Oct/2023:15:14:21 +0000] "GET /assets/icons-3591e1b0dc5b9091969f4b703f7bdaffa0ca7b2c7953b0f3a7e7dc1e71c3e43d.svg HTTP/1.1" 200 45031 "http://localhost/root/my_project/-/commit/1235c51336e546c5e76ab39f183d13b7263d5e1c" "Mozilla/5.0 (X11; Ubuntu; Linux x86_64; rv:109.0) Gecko/20100101 Firefox/118.0" -
172.18.0.1 - - [27/Oct/2023:15:14:21 +0000] "GET /assets/gitlab-mono/GitLabMono-08d2c5e8ff8fd3d2d6ec55bc7713380f8981c35f9d2df14e12b835464d6e8f23.woff2 HTTP/1.1" 200 78644 "http://localhost/assets/fonts-115c4704cb8c77e2fdf3fd0243eebf164e2e9b54bbab7bf6a4c14868b865ddf8.css" "Mozilla/5.0 (X11; Ubuntu; Linux x86_64; rv:109.0) Gecko/20100101 Firefox/118.0" -
172.18.0.3 - - [27/Oct/2023:15:14:22 +0000] "POST /api/v4/jobs/request HTTP/1.1" 204 0 "" "gitlab-runner 16.5.0 (16-5-stable; go1.20.10; linux/amd64)" -
172.18.0.1 - - [27/Oct/2023:15:14:25 +0000] "GET /root/my_project.git/info/refs?service=git-upload-pack HTTP/1.1" 401 268 "" "gitlab-runner 16.5.0 linux/amd64" -
172.18.0.3 - - [27/Oct/2023:15:14:26 +0000] "POST /api/v4/jobs/request HTTP/1.1" 204 0 "" "gitlab-runner 16.5.0 (16-5-stable; go1.20.10; linux/amd64)" -
172.18.0.1 - - [27/Oct/2023:15:14:26 +0000] "GET /api/graphql?query=query%20getLatestPipelineStatus(%24fullPath%3A%20ID!%2C%20%24iid%3A%20ID!)%20%7B%20project(fullPath%3A%20%24fullPath)%20%7B%20id%20pipeline(iid%3A%20%24iid)%20%7B%20id%20detailedStatus%20%7B%20id%20detailsPath%20icon%20group%20__typename%20%7D%20__typename%20%7D%20__typename%20%7D%20%7D&operationName=getLatestPipelineStatus&variables=%7B%22fullPath%22%3A%22root%2Fmy_project%22%2C%22iid%22%3A%221%22%7D HTTP/1.1" 200 189 "http://localhost/root/my_project/-/commit/1235c51336e546c5e76ab39f183d13b7263d5e1c" "Mozilla/5.0 (X11; Ubuntu; Linux x86_64; rv:109.0) Gecko/20100101 Firefox/118.0" 1.71
172.18.0.1 - gitlab-ci-token [27/Oct/2023:15:14:26 +0000] "GET /root/my_project.git/info/refs?service=git-upload-pack HTTP/1.1" 200 160 "" "gitlab-runner 16.5.0 linux/amd64" -
172.18.0.1 - - [27/Oct/2023:15:14:28 +0000] "POST /api/graphql HTTP/1.1" 200 184 "http://localhost/root/my_project/-/commit/1235c51336e546c5e76ab39f183d13b7263d5e1c" "Mozilla/5.0 (X11; Ubuntu; Linux x86_64; rv:109.0) Gecko/20100101 Firefox/118.0" 2.25
172.18.0.1 - gitlab-ci-token [27/Oct/2023:15:14:28 +0000] "POST /root/my_project.git/git-upload-pack HTTP/1.1" 200 129 "" "gitlab-runner 16.5.0 linux/amd64" -
172.18.0.1 - - [27/Oct/2023:15:14:28 +0000] "GET /root/my_project/-/commit/1235c51336e546c5e76ab39f183d13b7263d5e1c/merge_requests.json HTTP/1.1" 304 0 "http://localhost/root/my_project/-/commit/1235c51336e546c5e76ab39f183d13b7263d5e1c" "Mozilla/5.0 (X11; Ubuntu; Linux x86_64; rv:109.0) Gecko/20100101 Firefox/118.0" -
172.18.0.1 - gitlab-ci-token [27/Oct/2023:15:14:28 +0000] "POST /root/my_project.git/git-upload-pack HTTP/1.1" 200 371 "" "gitlab-runner 16.5.0 linux/amd64" -
172.18.0.1 - - [27/Oct/2023:15:14:28 +0000] "GET /api/graphql?query=query%20getLinkedPipelines(%24fullPath%3A%20ID!%2C%20%24iid%3A%20ID!)%20%7B%20project(fullPath%3A%20%24fullPath)%20%7B%20id%20pipeline(iid%3A%20%24iid)%20%7B%20id%20path%20downstream%20%7B%20nodes%20%7B%20id%20path%20project%20%7B%20id%20name%20__typename%20%7D%20detailedStatus%20%7B%20id%20group%20icon%20label%20__typename%20%7D%20sourceJob%20%7B%20id%20retried%20__typename%20%7D%20__typename%20%7D%20__typename%20%7D%20upstream%20%7B%20id%20path%20project%20%7B%20id%20name%20__typename%20%7D%20detailedStatus%20%7B%20id%20group%20icon%20label%20__typename%20%7D%20__typename%20%7D%20__typename%20%7D%20__typename%20%7D%20%7D&operationName=getLinkedPipelines&variables=%7B%22fullPath%22%3A%22root%2Fmy_project%22%2C%22iid%22%3A%221%22%7D HTTP/1.1" 304 0 "http://localhost/root/my_project/-/commit/1235c51336e546c5e76ab39f183d13b7263d5e1c" "Mozilla/5.0 (X11; Ubuntu; Linux x86_64; rv:109.0) Gecko/20100101 Firefox/118.0" -
172.18.0.3 - - [27/Oct/2023:15:14:28 +0000] "POST /api/v4/jobs/request HTTP/1.1" 204 0 "" "gitlab-runner 16.5.0 (16-5-stable; go1.20.10; linux/amd64)" -
172.18.0.1 - - [27/Oct/2023:15:14:28 +0000] "GET /api/graphql?query=query%20getPipelineStages(%24fullPath%3A%20ID!%2C%20%24iid%3A%20ID!)%20%7B%20project(fullPath%3A%20%24fullPath)%20%7B%20id%20pipeline(iid%3A%20%24iid)%20%7B%20id%20stages%20%7B%20nodes%20%7B%20id%20name%20detailedStatus%20%7B%20id%20icon%20group%20__typename%20%7D%20__typename%20%7D%20__typename%20%7D%20__typename%20%7D%20__typename%20%7D%20%7D&operationName=getPipelineStages&variables=%7B%22fullPath%22%3A%22root%2Fmy_project%22%2C%22iid%22%3A%221%22%7D HTTP/1.1" 200 208 "http://localhost/root/my_project/-/commit/1235c51336e546c5e76ab39f183d13b7263d5e1c" "Mozilla/5.0 (X11; Ubuntu; Linux x86_64; rv:109.0) Gecko/20100101 Firefox/118.0" 1.94
172.18.0.1 - - [27/Oct/2023:15:14:29 +0000] "GET /root/my_project/-/commit/1235c51336e546c5e76ab39f183d13b7263d5e1c/diff_files HTTP/1.1" 304 0 "http://localhost/root/my_project/-/commit/1235c51336e546c5e76ab39f183d13b7263d5e1c" "Mozilla/5.0 (X11; Ubuntu; Linux x86_64; rv:109.0) Gecko/20100101 Firefox/118.0" -
172.18.0.3 - - [27/Oct/2023:15:14:31 +0000] "POST /api/v4/jobs/request HTTP/1.1" 204 0 "" "gitlab-runner 16.5.0 (16-5-stable; go1.20.10; linux/amd64)" -
172.18.0.3 - - [27/Oct/2023:15:14:34 +0000] "POST /api/v4/jobs/request HTTP/1.1" 204 0 "" "gitlab-runner 16.5.0 (16-5-stable; go1.20.10; linux/amd64)" -
172.18.0.1 - - [27/Oct/2023:15:14:35 +0000] "GET /api/graphql?query=query%20getLatestPipelineStatus(%24fullPath%3A%20ID!%2C%20%24iid%3A%20ID!)%20%7B%20project(fullPath%3A%20%24fullPath)%20%7B%20id%20pipeline(iid%3A%20%24iid)%20%7B%20id%20detailedStatus%20%7B%20id%20detailsPath%20icon%20group%20__typename%20%7D%20__typename%20%7D%20__typename%20%7D%20%7D&operationName=getLatestPipelineStatus&variables=%7B%22fullPath%22%3A%22root%2Fmy_project%22%2C%22iid%22%3A%221%22%7D HTTP/1.1" 304 0 "http://localhost/root/my_project/-/commit/1235c51336e546c5e76ab39f183d13b7263d5e1c" "Mozilla/5.0 (X11; Ubuntu; Linux x86_64; rv:109.0) Gecko/20100101 Firefox/118.0" -
172.18.0.3 - - [27/Oct/2023:15:14:36 +0000] "PATCH /api/v4/jobs/4/trace?debug_trace=false HTTP/1.1" 202 2 "" "gitlab-runner 16.5.0 (16-5-stable; go1.20.10; linux/amd64)" -
172.18.0.3 - - [27/Oct/2023:15:14:36 +0000] "PUT /api/v4/jobs/4 HTTP/1.1" 200 3 "" "gitlab-runner 16.5.0 (16-5-stable; go1.20.10; linux/amd64)" -
172.18.0.3 - - [27/Oct/2023:15:14:37 +0000] "POST /api/v4/jobs/request HTTP/1.1" 204 0 "" "gitlab-runner 16.5.0 (16-5-stable; go1.20.10; linux/amd64)" -
172.18.0.3 - - [27/Oct/2023:15:14:37 +0000] "POST /api/v4/jobs/request HTTP/1.1" 204 0 "" "gitlab-runner 16.5.0 (16-5-stable; go1.20.10; linux/amd64)" -
172.18.0.1 - - [27/Oct/2023:15:14:38 +0000] "GET /api/graphql?query=query%20getPipelineStages(%24fullPath%3A%20ID!%2C%20%24iid%3A%20ID!)%20%7B%20project(fullPath%3A%20%24fullPath)%20%7B%20id%20pipeline(iid%3A%20%24iid)%20%7B%20id%20stages%20%7B%20nodes%20%7B%20id%20name%20detailedStatus%20%7B%20id%20icon%20group%20__typename%20%7D%20__typename%20%7D%20__typename%20%7D%20__typename%20%7D%20__typename%20%7D%20%7D&operationName=getPipelineStages&variables=%7B%22fullPath%22%3A%22root%2Fmy_project%22%2C%22iid%22%3A%221%22%7D HTTP/1.1" 200 207 "http://localhost/root/my_project/-/commit/1235c51336e546c5e76ab39f183d13b7263d5e1c" "Mozilla/5.0 (X11; Ubuntu; Linux x86_64; rv:109.0) Gecko/20100101 Firefox/118.0" 1.94
172.18.0.1 - - [27/Oct/2023:15:14:39 +0000] "GET /api/graphql?query=query%20getLinkedPipelines(%24fullPath%3A%20ID!%2C%20%24iid%3A%20ID!)%20%7B%20project(fullPath%3A%20%24fullPath)%20%7B%20id%20pipeline(iid%3A%20%24iid)%20%7B%20id%20path%20downstream%20%7B%20nodes%20%7B%20id%20path%20project%20%7B%20id%20name%20__typename%20%7D%20detailedStatus%20%7B%20id%20group%20icon%20label%20__typename%20%7D%20sourceJob%20%7B%20id%20retried%20__typename%20%7D%20__typename%20%7D%20__typename%20%7D%20upstream%20%7B%20id%20path%20project%20%7B%20id%20name%20__typename%20%7D%20detailedStatus%20%7B%20id%20group%20icon%20label%20__typename%20%7D%20__typename%20%7D%20__typename%20%7D%20__typename%20%7D%20%7D&operationName=getLinkedPipelines&variables=%7B%22fullPath%22%3A%22root%2Fmy_project%22%2C%22iid%22%3A%221%22%7D HTTP/1.1" 304 0 "http://localhost/root/my_project/-/commit/1235c51336e546c5e76ab39f183d13b7263d5e1c" "Mozilla/5.0 (X11; Ubuntu; Linux x86_64; rv:109.0) Gecko/20100101 Firefox/118.0" -
172.18.0.1 - - [27/Oct/2023:15:14:39 +0000] "GET /assets/webpack/prosemirror.7dadc994.chunk.js HTTP/1.1" 200 17253 "http://localhost/root/my_project/-/commit/1235c51336e546c5e76ab39f183d13b7263d5e1c" "Mozilla/5.0 (X11; Ubuntu; Linux x86_64; rv:109.0) Gecko/20100101 Firefox/118.0" -
172.18.0.1 - - [27/Oct/2023:15:14:39 +0000] "GET /assets/webpack/gfm_copy_extra.76a7781e.chunk.js HTTP/1.1" 200 4243 "http://localhost/root/my_project/-/commit/1235c51336e546c5e76ab39f183d13b7263d5e1c" "Mozilla/5.0 (X11; Ubuntu; Linux x86_64; rv:109.0) Gecko/20100101 Firefox/118.0" -
172.18.0.3 - - [27/Oct/2023:15:14:39 +0000] "POST /api/v4/jobs/request HTTP/1.1" 204 0 "" "gitlab-runner 16.5.0 (16-5-stable; go1.20.10; linux/amd64)" -
172.18.0.1 - - [27/Oct/2023:15:14:40 +0000] "GET /root/my_project/noteable/commit/1235c51336e546c5e76ab39f183d13b7263d5e1c/notes?html=true HTTP/1.1" 200 47 "http://localhost/root/my_project/-/commit/1235c51336e546c5e76ab39f183d13b7263d5e1c" "Mozilla/5.0 (X11; Ubuntu; Linux x86_64; rv:109.0) Gecko/20100101 Firefox/118.0" -
172.18.0.3 - - [27/Oct/2023:15:14:40 +0000] "POST /api/v4/jobs/request HTTP/1.1" 204 0 "" "gitlab-runner 16.5.0 (16-5-stable; go1.20.10; linux/amd64)" -
172.18.0.3 - - [27/Oct/2023:15:14:42 +0000] "POST /api/v4/jobs/request HTTP/1.1" 204 0 "" "gitlab-runner 16.5.0 (16-5-stable; go1.20.10; linux/amd64)" -
172.18.0.3 - - [27/Oct/2023:15:14:43 +0000] "POST /api/v4/jobs/request HTTP/1.1" 204 0 "" "gitlab-runner 16.5.0 (16-5-stable; go1.20.10; linux/amd64)" -
172.18.0.3 - - [27/Oct/2023:15:14:45 +0000] "POST /api/v4/jobs/request HTTP/1.1" 204 0 "" "gitlab-runner 16.5.0 (16-5-stable; go1.20.10; linux/amd64)" -
172.18.0.1 - - [27/Oct/2023:15:14:45 +0000] "GET /api/graphql?query=query%20getLatestPipelineStatus(%24fullPath%3A%20ID!%2C%20%24iid%3A%20ID!)%20%7B%20project(fullPath%3A%20%24fullPath)%20%7B%20id%20pipeline(iid%3A%20%24iid)%20%7B%20id%20detailedStatus%20%7B%20id%20detailsPath%20icon%20group%20__typename%20%7D%20__typename%20%7D%20__typename%20%7D%20%7D&operationName=getLatestPipelineStatus&variables=%7B%22fullPath%22%3A%22root%2Fmy_project%22%2C%22iid%22%3A%221%22%7D HTTP/1.1" 200 187 "http://localhost/root/my_project/-/commit/1235c51336e546c5e76ab39f183d13b7263d5e1c" "Mozilla/5.0 (X11; Ubuntu; Linux x86_64; rv:109.0) Gecko/20100101 Firefox/118.0" 1.71
172.18.0.3 - - [27/Oct/2023:15:14:46 +0000] "POST /api/v4/jobs/request HTTP/1.1" 204 0 "" "gitlab-runner 16.5.0 (16-5-stable; go1.20.10; linux/amd64)" -
172.18.0.3 - - [27/Oct/2023:15:14:48 +0000] "POST /api/v4/jobs/request HTTP/1.1" 204 0 "" "gitlab-runner 16.5.0 (16-5-stable; go1.20.10; linux/amd64)" -
172.18.0.1 - - [27/Oct/2023:15:14:49 +0000] "GET /api/graphql?query=query%20getPipelineStages(%24fullPath%3A%20ID!%2C%20%24iid%3A%20ID!)%20%7B%20project(fullPath%3A%20%24fullPath)%20%7B%20id%20pipeline(iid%3A%20%24iid)%20%7B%20id%20stages%20%7B%20nodes%20%7B%20id%20name%20detailedStatus%20%7B%20id%20icon%20group%20__typename%20%7D%20__typename%20%7D%20__typename%20%7D%20__typename%20%7D%20__typename%20%7D%20%7D&operationName=getPipelineStages&variables=%7B%22fullPath%22%3A%22root%2Fmy_project%22%2C%22iid%22%3A%221%22%7D HTTP/1.1" 304 0 "http://localhost/root/my_project/-/commit/1235c51336e546c5e76ab39f183d13b7263d5e1c" "Mozilla/5.0 (X11; Ubuntu; Linux x86_64; rv:109.0) Gecko/20100101 Firefox/118.0" -
172.18.0.1 - - [27/Oct/2023:15:14:49 +0000] "GET /api/graphql?query=query%20getLinkedPipelines(%24fullPath%3A%20ID!%2C%20%24iid%3A%20ID!)%20%7B%20project(fullPath%3A%20%24fullPath)%20%7B%20id%20pipeline(iid%3A%20%24iid)%20%7B%20id%20path%20downstream%20%7B%20nodes%20%7B%20id%20path%20project%20%7B%20id%20name%20__typename%20%7D%20detailedStatus%20%7B%20id%20group%20icon%20label%20__typename%20%7D%20sourceJob%20%7B%20id%20retried%20__typename%20%7D%20__typename%20%7D%20__typename%20%7D%20upstream%20%7B%20id%20path%20project%20%7B%20id%20name%20__typename%20%7D%20detailedStatus%20%7B%20id%20group%20icon%20label%20__typename%20%7D%20__typename%20%7D%20__typename%20%7D%20__typename%20%7D%20%7D&operationName=getLinkedPipelines&variables=%7B%22fullPath%22%3A%22root%2Fmy_project%22%2C%22iid%22%3A%221%22%7D HTTP/1.1" 304 0 "http://localhost/root/my_project/-/commit/1235c51336e546c5e76ab39f183d13b7263d5e1c" "Mozilla/5.0 (X11; Ubuntu; Linux x86_64; rv:109.0) Gecko/20100101 Firefox/118.0" -
172.18.0.3 - - [27/Oct/2023:15:14:49 +0000] "POST /api/v4/jobs/request HTTP/1.1" 204 0 "" "gitlab-runner 16.5.0 (16-5-stable; go1.20.10; linux/amd64)" -
172.18.0.3 - - [27/Oct/2023:15:14:52 +0000] "POST /api/v4/jobs/request HTTP/1.1" 204 0 "" "gitlab-runner 16.5.0 (16-5-stable; go1.20.10; linux/amd64)" -
172.18.0.3 - - [27/Oct/2023:15:14:53 +0000] "POST /api/v4/jobs/request HTTP/1.1" 204 0 "" "gitlab-runner 16.5.0 (16-5-stable; go1.20.10; linux/amd64)" -
127.0.0.1 - - [27/Oct/2023:15:14:53 +0000] "GET /help HTTP/1.1" 200 36850 "" "curl/8.4.0-DEV" -
172.18.0.3 - - [27/Oct/2023:15:14:55 +0000] "POST /api/v4/jobs/request HTTP/1.1" 204 0 "" "gitlab-runner 16.5.0 (16-5-stable; go1.20.10; linux/amd64)" -
172.18.0.3 - - [27/Oct/2023:15:14:56 +0000] "POST /api/v4/jobs/request HTTP/1.1" 204 0 "" "gitlab-runner 16.5.0 (16-5-stable; go1.20.10; linux/amd64)" -
172.18.0.1 - - [27/Oct/2023:15:14:56 +0000] "GET /api/graphql?query=query%20getLatestPipelineStatus(%24fullPath%3A%20ID!%2C%20%24iid%3A%20ID!)%20%7B%20project(fullPath%3A%20%24fullPath)%20%7B%20id%20pipeline(iid%3A%20%24iid)%20%7B%20id%20detailedStatus%20%7B%20id%20detailsPath%20icon%20group%20__typename%20%7D%20__typename%20%7D%20__typename%20%7D%20%7D&operationName=getLatestPipelineStatus&variables=%7B%22fullPath%22%3A%22root%2Fmy_project%22%2C%22iid%22%3A%221%22%7D HTTP/1.1" 304 0 "http://localhost/root/my_project/-/commit/1235c51336e546c5e76ab39f183d13b7263d5e1c" "Mozilla/5.0 (X11; Ubuntu; Linux x86_64; rv:109.0) Gecko/20100101 Firefox/118.0" -
172.18.0.3 - - [27/Oct/2023:15:14:58 +0000] "POST /api/v4/jobs/request HTTP/1.1" 204 0 "" "gitlab-runner 16.5.0 (16-5-stable; go1.20.10; linux/amd64)" -
172.18.0.3 - - [27/Oct/2023:15:14:59 +0000] "POST /api/v4/jobs/request HTTP/1.1" 204 0 "" "gitlab-runner 16.5.0 (16-5-stable; go1.20.10; linux/amd64)" -
172.18.0.1 - - [27/Oct/2023:15:14:59 +0000] "GET /api/graphql?query=query%20getPipelineStages(%24fullPath%3A%20ID!%2C%20%24iid%3A%20ID!)%20%7B%20project(fullPath%3A%20%24fullPath)%20%7B%20id%20pipeline(iid%3A%20%24iid)%20%7B%20id%20stages%20%7B%20nodes%20%7B%20id%20name%20detailedStatus%20%7B%20id%20icon%20group%20__typename%20%7D%20__typename%20%7D%20__typename%20%7D%20__typename%20%7D%20__typename%20%7D%20%7D&operationName=getPipelineStages&variables=%7B%22fullPath%22%3A%22root%2Fmy_project%22%2C%22iid%22%3A%221%22%7D HTTP/1.1" 304 0 "http://localhost/root/my_project/-/commit/1235c51336e546c5e76ab39f183d13b7263d5e1c" "Mozilla/5.0 (X11; Ubuntu; Linux x86_64; rv:109.0) Gecko/20100101 Firefox/118.0" -
172.18.0.1 - - [27/Oct/2023:15:14:59 +0000] "GET /api/graphql?query=query%20getLinkedPipelines(%24fullPath%3A%20ID!%2C%20%24iid%3A%20ID!)%20%7B%20project(fullPath%3A%20%24fullPath)%20%7B%20id%20pipeline(iid%3A%20%24iid)%20%7B%20id%20path%20downstream%20%7B%20nodes%20%7B%20id%20path%20project%20%7B%20id%20name%20__typename%20%7D%20detailedStatus%20%7B%20id%20group%20icon%20label%20__typename%20%7D%20sourceJob%20%7B%20id%20retried%20__typename%20%7D%20__typename%20%7D%20__typename%20%7D%20upstream%20%7B%20id%20path%20project%20%7B%20id%20name%20__typename%20%7D%20detailedStatus%20%7B%20id%20group%20icon%20label%20__typename%20%7D%20__typename%20%7D%20__typename%20%7D%20__typename%20%7D%20%7D&operationName=getLinkedPipelines&variables=%7B%22fullPath%22%3A%22root%2Fmy_project%22%2C%22iid%22%3A%221%22%7D HTTP/1.1" 304 0 "http://localhost/root/my_project/-/commit/1235c51336e546c5e76ab39f183d13b7263d5e1c" "Mozilla/5.0 (X11; Ubuntu; Linux x86_64; rv:109.0) Gecko/20100101 Firefox/118.0" -
172.18.0.3 - - [27/Oct/2023:15:15:01 +0000] "POST /api/v4/jobs/request HTTP/1.1" 204 0 "" "gitlab-runner 16.5.0 (16-5-stable; go1.20.10; linux/amd64)" -
172.18.0.3 - - [27/Oct/2023:15:15:02 +0000] "POST /api/v4/jobs/request HTTP/1.1" 204 0 "" "gitlab-runner 16.5.0 (16-5-stable; go1.20.10; linux/amd64)" -
172.18.0.3 - - [27/Oct/2023:15:15:04 +0000] "POST /api/v4/jobs/request HTTP/1.1" 204 0 "" "gitlab-runner 16.5.0 (16-5-stable; go1.20.10; linux/amd64)" -
172.18.0.3 - - [27/Oct/2023:15:15:05 +0000] "POST /api/v4/jobs/request HTTP/1.1" 204 0 "" "gitlab-runner 16.5.0 (16-5-stable; go1.20.10; linux/amd64)" -
172.18.0.1 - - [27/Oct/2023:15:15:06 +0000] "GET /api/graphql?query=query%20getLatestPipelineStatus(%24fullPath%3A%20ID!%2C%20%24iid%3A%20ID!)%20%7B%20project(fullPath%3A%20%24fullPath)%20%7B%20id%20pipeline(iid%3A%20%24iid)%20%7B%20id%20detailedStatus%20%7B%20id%20detailsPath%20icon%20group%20__typename%20%7D%20__typename%20%7D%20__typename%20%7D%20%7D&operationName=getLatestPipelineStatus&variables=%7B%22fullPath%22%3A%22root%2Fmy_project%22%2C%22iid%22%3A%221%22%7D HTTP/1.1" 304 0 "http://localhost/root/my_project/-/commit/1235c51336e546c5e76ab39f183d13b7263d5e1c" "Mozilla/5.0 (X11; Ubuntu; Linux x86_64; rv:109.0) Gecko/20100101 Firefox/118.0" -
172.18.0.3 - - [27/Oct/2023:15:15:07 +0000] "POST /api/v4/jobs/request HTTP/1.1" 204 0 "" "gitlab-runner 16.5.0 (16-5-stable; go1.20.10; linux/amd64)" -
172.18.0.3 - - [27/Oct/2023:15:15:08 +0000] "POST /api/v4/jobs/request HTTP/1.1" 204 0 "" "gitlab-runner 16.5.0 (16-5-stable; go1.20.10; linux/amd64)" -
172.18.0.1 - - [27/Oct/2023:15:15:09 +0000] "GET /api/graphql?query=query%20getPipelineStages(%24fullPath%3A%20ID!%2C%20%24iid%3A%20ID!)%20%7B%20project(fullPath%3A%20%24fullPath)%20%7B%20id%20pipeline(iid%3A%20%24iid)%20%7B%20id%20stages%20%7B%20nodes%20%7B%20id%20name%20detailedStatus%20%7B%20id%20icon%20group%20__typename%20%7D%20__typename%20%7D%20__typename%20%7D%20__typename%20%7D%20__typename%20%7D%20%7D&operationName=getPipelineStages&variables=%7B%22fullPath%22%3A%22root%2Fmy_project%22%2C%22iid%22%3A%221%22%7D HTTP/1.1" 304 0 "http://localhost/root/my_project/-/commit/1235c51336e546c5e76ab39f183d13b7263d5e1c" "Mozilla/5.0 (X11; Ubuntu; Linux x86_64; rv:109.0) Gecko/20100101 Firefox/118.0" -
